Archive member included to satisfy reference by file (symbol)

arch/arm/lib/lib.a(ashldi3.o)
                              drivers/mmc/built-in.o (__aeabi_llsl)
arch/arm/lib/lib.a(ashrdi3.o)
                              drivers/mtd/nand/built-in.o (__aeabi_lasr)
arch/arm/lib/lib.a(lib1funcs.o)
                              cmd/built-in.o (__aeabi_uidiv)
arch/arm/lib/lib.a(lshrdi3.o)
                              drivers/mtd/built-in.o (__aeabi_llsr)
arch/arm/lib/lib.a(div0.o)    arch/arm/lib/lib.a(lib1funcs.o) (__div0)

Discarded input sections

 .data          0x00000000        0x0 arch/arm/cpu/armv7/start.o
 .bss           0x00000000        0x0 arch/arm/cpu/armv7/start.o
 .text.mmu_page_table_flush
                0x00000000       0x24 arch/arm/cpu/armv7/built-in.o
 .text.v7_arch_cp15_set_l2aux_ctrl
                0x00000000        0x8 arch/arm/cpu/armv7/built-in.o
 .text.v7_arch_cp15_set_acr
                0x00000000        0x8 arch/arm/cpu/armv7/built-in.o
 .text.sdelay   0x00000000        0xc arch/arm/cpu/armv7/built-in.o
 .text.wait_on_value
                0x00000000       0x38 arch/arm/cpu/armv7/built-in.o
 .text.protect_secure_section
                0x00000000        0x4 arch/arm/cpu/armv7/built-in.o
 .text.smp_kick_all_cpus
                0x00000000       0x20 arch/arm/cpu/armv7/built-in.o
 .text.armv7_apply_memory_carveout
                0x00000000        0x8 arch/arm/cpu/armv7/built-in.o
 .text.psci_update_dt
                0x00000000       0x54 arch/arm/cpu/armv7/built-in.o
 .data          0x00000000        0x0 arch/arm/cpu/armv7/built-in.o
 .bss           0x00000000        0x0 arch/arm/cpu/armv7/built-in.o
 .text.enable_caches
                0x00000000        0xc arch/arm/lib/built-in.o
 .text.invalidate_dcache_range
                0x00000000        0x4 arch/arm/lib/built-in.o
 .text.flush_dcache_range
                0x00000000        0x4 arch/arm/lib/built-in.o
 .text.flush_dcache_all
                0x00000000        0xc arch/arm/lib/built-in.o
 .text.arm_init_before_mmu
                0x00000000        0x4 arch/arm/lib/built-in.o
 .text.mmu_page_table_flush
                0x00000000        0x4 arch/arm/lib/built-in.o
 .text.mmu_set_region_dcache_behaviour
                0x00000000       0x58 arch/arm/lib/built-in.o
 .text.fdt_psci
                0x00000000        0x8 arch/arm/lib/built-in.o
 .rodata.enable_caches.str1.1
                0x00000000       0x1d arch/arm/lib/built-in.o
 .data          0x00000000        0x0 arch/arm/lib/built-in.o
 .__efi_runtime_rel_start
                0x00000000        0x0 arch/arm/lib/built-in.o
 .__efi_runtime_rel_stop
                0x00000000        0x0 arch/arm/lib/built-in.o
 .__efi_runtime_start
                0x00000000        0x0 arch/arm/lib/built-in.o
 .__efi_runtime_stop
                0x00000000        0x0 arch/arm/lib/built-in.o
 .__secure_end  0x00000000        0x0 arch/arm/lib/built-in.o
 .__secure_stack_end
                0x00000000        0x0 arch/arm/lib/built-in.o
 .__secure_stack_start
                0x00000000        0x0 arch/arm/lib/built-in.o
 .bss           0x00000000        0x0 arch/arm/lib/built-in.o
 .text          0x00000000        0x0 board/hisilicon/hi3516ev200/built-in.o
 .text.get_text_base
                0x00000000        0xc board/hisilicon/hi3516ev200/built-in.o
 .text.is_bare_program
                0x00000000        0x8 board/hisilicon/hi3516ev200/built-in.o
 .text.is_auto_update
                0x00000000        0x8 board/hisilicon/hi3516ev200/built-in.o
 .data          0x00000000        0x0 board/hisilicon/hi3516ev200/built-in.o
 .bss           0x00000000        0x0 board/hisilicon/hi3516ev200/built-in.o
 .text          0x00000000        0x0 cmd/built-in.o
 .text.invalidate_icache_all
                0x00000000        0xc cmd/built-in.o
 .text.flush_dcache_all
                0x00000000        0xc cmd/built-in.o
 .text.setenv_ulong
                0x00000000       0x20 cmd/built-in.o
 .text.getenv_hex
                0x00000000       0x3c cmd/built-in.o
 .rodata.flush_dcache_all.str1.1
                0x00000000       0x2e cmd/built-in.o
 .rodata.invalidate_icache_all.str1.1
                0x00000000       0x33 cmd/built-in.o
 .data          0x00000000        0x0 cmd/built-in.o
 .bss           0x00000000        0x0 cmd/built-in.o
 .text          0x00000000        0x0 common/built-in.o
 .text.hash_progressive_lookup_algo
                0x00000000       0x60 common/built-in.o
 .text.hash_parse_string
                0x00000000       0x68 common/built-in.o
 .text.hash_block
                0x00000000       0x6c common/built-in.o
 .text.unset_local_var
                0x00000000       0xa0 common/built-in.o
 .text.red_led_off
                0x00000000        0x4 common/built-in.o
 .text.green_led_on
                0x00000000        0x4 common/built-in.o
 .text.green_led_off
                0x00000000        0x4 common/built-in.o
 .text.yellow_led_on
[...]
Memory Configuration

Name             Origin             Length             Attributes
*default*        0x00000000         0xffffffff

Linker script and memory map

Address of section .text set to 0x40800000
                0x00000000                . = 0x0
                0x00000000                . = ALIGN (0x4)

.text           0x40800000    0x4a5f8
 *(.__image_copy_start)
 .__image_copy_start
                0x40800000        0x0 arch/arm/lib/built-in.o
                0x40800000                __image_copy_start
 *(.vectors)
 .vectors       0x40800000     0x230c arch/arm/lib/built-in.o
                0x40800000                _start
                0x40800020                _undefined_instruction
                0x40800024                _software_interrupt
                0x40800028                _prefetch_abort
                0x4080002c                _data_abort
                0x40800030                _not_used
                0x40800034                _irq
                0x40800038                _fiq
                0x40802040                _blank_zone_start
                0x40802044                get_blank_start
                0x40802060                get_code_start
                0x4080206c                IRQ_STACK_START_IN
 arch/arm/cpu/armv7/start.o(.text*)
 .text          0x4080230c       0xa4 arch/arm/cpu/armv7/start.o
                0x4080230c                reset
                0x40802310                save_boot_params_ret
                0x40802344                c_runtime_cpu_setup
                0x40802354                save_boot_params
                0x40802358                cpu_init_cp15
 *(.text*)
 .text          0x408023b0      0x148 arch/arm/cpu/armv7/built-in.o
                0x408023b0                __v7_flush_dcache_all
                0x40802444                v7_flush_dcache_all
                0x40802454                __v7_invalidate_dcache_all
                0x408024e8                v7_invalidate_dcache_all
 .text.invalidate_icache_all
                0x408024f8       0x18 arch/arm/cpu/armv7/built-in.o
                0x408024f8                invalidate_icache_all
 .text.v7_outer_cache_enable
                0x40802510        0x4 arch/arm/cpu/armv7/built-in.o
                0x40802510                v7_outer_cache_enable
 .text.v7_outer_cache_disable
                0x40802514        0x4 arch/arm/cpu/armv7/built-in.o
                0x40802514                v7_outer_cache_disable
 .text.v7_outer_cache_flush_all
                0x40802518        0x4 arch/arm/cpu/armv7/built-in.o
                0x40802518                v7_outer_cache_flush_all
 .text.flush_dcache_all
                0x4080251c       0x10 arch/arm/cpu/armv7/built-in.o
                0x4080251c                flush_dcache_all
 .text.v7_outer_cache_inval_all
                0x4080252c        0x4 arch/arm/cpu/armv7/built-in.o
                0x4080252c                v7_outer_cache_inval_all
 .text.invalidate_dcache_all
                0x40802530       0x10 arch/arm/cpu/armv7/built-in.o
                0x40802530                invalidate_dcache_all
 .text.arm_init_before_mmu
                0x40802540       0x28 arch/arm/cpu/armv7/built-in.o
                0x40802540                arm_init_before_mmu
 .text.v7_outer_cache_flush_range
                0x40802568        0x4 arch/arm/cpu/armv7/built-in.o
                0x40802568                v7_outer_cache_flush_range
 .text.flush_dcache_range
                0x4080256c       0x54 arch/arm/cpu/armv7/built-in.o
                0x4080256c                flush_dcache_range
 .text.v7_outer_cache_inval_range
                0x408025c0        0x4 arch/arm/cpu/armv7/built-in.o
                0x408025c0                v7_outer_cache_inval_range
 .text.invalidate_dcache_range
                0x408025c4       0x64 arch/arm/cpu/armv7/built-in.o
                0x408025c4                invalidate_dcache_range
 .text.cpu_cache_initialization
                0x40802628        0x4 arch/arm/cpu/armv7/built-in.o
                0x40802628                cpu_cache_initialization
 .text.cleanup_before_linux_select
                0x4080262c       0x4c arch/arm/cpu/armv7/built-in.o
                0x4080262c                cleanup_before_linux_select
 .text.cleanup_before_linux
                0x40802678        0x8 arch/arm/cpu/armv7/built-in.o
                0x40802678                cleanup_before_linux
 .text.get_gicd_base_address
                0x40802680       0x34 arch/arm/cpu/armv7/built-in.o
 .text.psci_board_init
                0x408026b4        0x4 arch/arm/cpu/armv7/built-in.o
                0x408026b4                psci_board_init
 .text.armv7_init_nonsec
                0x408026b8       0x98 arch/arm/cpu/armv7/built-in.o
                0x408026b8                armv7_init_nonsec
 .text          0x40802750       0x90 arch/arm/lib/built-in.o
                0x40802750                _main
 .text.relocate_vectors
                0x408027e0       0x78 arch/arm/lib/built-in.o
                0x408027e0                relocate_vectors
                0x408027ec                relocate_code
 .text.arch_lmb_reserve
                0x40802858       0x24 arch/arm/lib/built-in.o
                0x40802858                arch_lmb_reserve
 .text.setup_board_tags
                0x4080287c        0x4 arch/arm/lib/built-in.o
                0x4080287c                setup_board_tags
 .text.boot_prep_linux.isra.3
                0x40802880       0xd0 arch/arm/lib/built-in.o
 .text.armv7_boot_nonsec_default
                0x40802950        0x8 arch/arm/lib/built-in.o
                0x40802950                armv7_boot_nonsec_default
 .text.armv7_boot_nonsec
                0x40802958       0x5c arch/arm/lib/built-in.o
                0x40802958                armv7_boot_nonsec
 .text.boot_jump_linux.isra.4
                0x408029b4       0xd8 arch/arm/lib/built-in.o
 .text.do_bootm_linux
                0x40802a8c       0x50 arch/arm/lib/built-in.o
                0x40802a8c                do_bootm_linux
 .text.boot_prep_vxworks
                0x40802adc        0x4 arch/arm/lib/built-in.o
                0x40802adc                boot_prep_vxworks
 .text.boot_jump_vxworks
                0x40802ae0        0xc arch/arm/lib/built-in.o
                0x40802ae0                boot_jump_vxworks
 .text.arch_reserve_stacks
                0x40802aec       0x1c arch/arm/lib/built-in.o
                0x40802aec                arch_reserve_stacks
 .text.interrupt_init
                0x40802b08       0x1c arch/arm/lib/built-in.o
                0x40802b08                interrupt_init
 .text.enable_interrupts
                0x40802b24        0x4 arch/arm/lib/built-in.o
                0x40802b24                enable_interrupts
 .text.disable_interrupts
                0x40802b28        0x8 arch/arm/lib/built-in.o
                0x40802b28                disable_interrupts
 .text.bad_mode
                0x40802b30       0x10 arch/arm/lib/built-in.o
                0x40802b30                bad_mode
 .text.show_regs
                0x40802b40      0x174 arch/arm/lib/built-in.o
                0x40802b40                show_regs
 .text.do_undefined_instruction
                0x40802cb4       0x20 arch/arm/lib/built-in.o
                0x40802cb4                do_undefined_instruction
 .text.do_software_interrupt
                0x40802cd4       0x20 arch/arm/lib/built-in.o
                0x40802cd4                do_software_interrupt
 .text.do_prefetch_abort
                0x40802cf4       0x20 arch/arm/lib/built-in.o
                0x40802cf4                do_prefetch_abort
 .text.do_data_abort
                0x40802d14       0x20 arch/arm/lib/built-in.o
                0x40802d14                do_data_abort
 .text.do_not_used
                0x40802d34       0x20 arch/arm/lib/built-in.o
                0x40802d34                do_not_used
 .text.do_fiq   0x40802d54       0x20 arch/arm/lib/built-in.o
                0x40802d54                do_fiq
 .text.do_irq   0x40802d74       0x20 arch/arm/lib/built-in.o
                0x40802d74                do_irq
 .text.reset_misc
                0x40802d94        0x4 arch/arm/lib/built-in.o
                0x40802d94                reset_misc
 .text.do_reset
                0x40802d98       0x34 arch/arm/lib/built-in.o
                0x40802d98                do_reset
 .text.add_shutdown
                0x40802dcc       0x34 arch/arm/lib/built-in.o
                0x40802dcc                add_shutdown
 .text.do_shutdown
                0x40802e00       0x30 arch/arm/lib/built-in.o
                0x40802e00                do_shutdown
 .text.flush_cache
                0x40802e30        0x8 arch/arm/lib/built-in.o
                0x40802e30                flush_cache
 .text.check_cache_range
                0x40802e38       0x38 arch/arm/lib/built-in.o
                0x40802e38                check_cache_range
 .text.cp_delay
                0x40802e70       0x30 arch/arm/lib/built-in.o
 .text.cache_disable
                0x40802ea0       0x4c arch/arm/lib/built-in.o
 .text.arm_init_domains
                0x40802eec        0x4 arch/arm/lib/built-in.o
                0x40802eec                arm_init_domains
 .text.set_section_dcache
                0x40802ef0       0x14 arch/arm/lib/built-in.o
                0x40802ef0                set_section_dcache
 .text.dram_bank_mmu_setup
                0x40802f04       0x44 arch/arm/lib/built-in.o
                0x40802f04                dram_bank_mmu_setup
 .text.icache_enable
                0x40802f48       0x1c arch/arm/lib/built-in.o
                0x40802f48                icache_enable
 .text.icache_disable
                0x40802f64        0x8 arch/arm/lib/built-in.o
                0x40802f64                icache_disable
 .text.icache_status
                0x40802f6c        0xc arch/arm/lib/built-in.o
                0x40802f6c                icache_status
 .text.dcache_enable
                0x40802f78       0x80 arch/arm/lib/built-in.o
                0x40802f78                dcache_enable
 .text.dcache_disable
                0x40802ff8        0x8 arch/arm/lib/built-in.o
                0x40802ff8                dcache_disable
 .text.dcache_status
                0x40803000        0xc arch/arm/lib/built-in.o
                0x40803000                dcache_status
 .text.enable_caches
                0x4080300c        0x4 board/hisilicon/hi3516ev200/built-in.o
                0x4080300c                enable_caches
 .text.get_boot_media
                0x40803010       0x30 board/hisilicon/hi3516ev200/built-in.o
                0x40803010                get_boot_media
 .text.board_early_init_f
                0x40803040        0x8 board/hisilicon/hi3516ev200/built-in.o
                0x40803040                board_early_init_f
 .text.save_bootdata_to_flash
                0x40803048      0x208 board/hisilicon/hi3516ev200/built-in.o
                0x40803048                save_bootdata_to_flash
 .text.misc_init_r
                0x40803250       0x44 board/hisilicon/hi3516ev200/built-in.o
                0x40803250                misc_init_r
 .text.board_init
                0x40803294       0x54 board/hisilicon/hi3516ev200/built-in.o
                0x40803294                board_init
 .text.dram_init
                0x408032e8       0x10 board/hisilicon/hi3516ev200/built-in.o
                0x408032e8                dram_init
 .text.reset_cpu
                0x408032f8       0x1c board/hisilicon/hi3516ev200/built-in.o
                0x408032f8                reset_cpu
 .text.timer_init
                0x40803314       0x20 board/hisilicon/hi3516ev200/built-in.o
                0x40803314                timer_init
 .text.board_eth_init
                0x40803334        0x4 board/hisilicon/hi3516ev200/built-in.o
                0x40803334                board_eth_init
 .text.board_mmc_init
                0x40803338        0x8 board/hisilicon/hi3516ev200/built-in.o
                0x40803338                board_mmc_init
 .text.smp_set_core_boot_addr
                0x40803340        0x4 board/hisilicon/hi3516ev200/built-in.o
                0x40803340                smp_set_core_boot_addr
 .text.smp_kick_all_cpus
                0x40803344        0x4 board/hisilicon/hi3516ev200/built-in.o
                0x40803344                smp_kick_all_cpus
 .text.smp_waitloop
                0x40803348        0x4 board/hisilicon/hi3516ev200/built-in.o
                0x40803348                smp_waitloop
 .text.do_go_exec
                0x4080334c       0x10 cmd/built-in.o
                0x4080334c                do_go_exec
 .text.do_go    0x4080335c       0x70 cmd/built-in.o
 .text.do_bootm
                0x408033cc      0x108 cmd/built-in.o
                0x408033cc                do_bootm
 .text.do_bootd
                0x408034d4       0x20 cmd/built-in.o
                0x408034d4                do_bootd
 .text.image_info
                0x408034f4      0x11c cmd/built-in.o
 .text.do_iminfo
                0x40803610       0x5c cmd/built-in.o
 .text.bootm_maybe_autostart
                0x4080366c       0x78 cmd/built-in.o
                0x4080366c                bootm_maybe_autostart
 .text.do_help  0x408036e4       0x44 cmd/built-in.o
 .text.do_version
                0x40803728       0x38 cmd/built-in.o
 .text.source   0x40803760      0x1bc cmd/built-in.o
                0x40803760                source
 .text.do_source
                0x4080391c       0x78 cmd/built-in.o
 .text.print_num
                0x40803994       0x14 cmd/built-in.o
 .text.do_bdinfo
                0x408039a8      0x1a8 cmd/built-in.o
 .text.parse_argv
                0x40803b50       0x64 cmd/built-in.o
 .text.do_icache
                0x40803bb4       0x88 cmd/built-in.o
 .text.do_dcache
                0x40803c3c       0x88 cmd/built-in.o
 .text.do_coninfo
                0x40803cc4       0xb0 cmd/built-in.o
 .text.do_echo  0x40803d74       0xb4 cmd/built-in.o
 .text.load_elf_image_shdr
                0x40803e28       0x8c cmd/built-in.o
 .text.valid_elf_image
                0x40803eb4       0x4c cmd/built-in.o
                0x40803eb4                valid_elf_image
 .text.do_bootelf
                0x40803f00      0x1ac cmd/built-in.o
                0x40803f00                do_bootelf
 .text.do_bootvx
                0x408040ac      0x330 cmd/built-in.o
                0x408040ac                do_bootvx
 .text.do_exit  0x408043dc       0x48 cmd/built-in.o
 .text.do_fat_size
                0x40804424       0x18 cmd/built-in.o
                0x40804424                do_fat_size
 .text.do_fat_fsload
                0x4080443c       0x18 cmd/built-in.o
                0x4080443c                do_fat_fsload
 .text.do_fat_ls
                0x40804454       0x18 cmd/built-in.o
 .text.do_fat_fsinfo
                0x4080446c       0x8c cmd/built-in.o
 .text.do_flerase
                0x408044f8        0x8 cmd/built-in.o
 .text.do_protect
                0x40804500       0x10 cmd/built-in.o
 .text.do_flinfo
                0x40804510        0x8 cmd/built-in.o
 .text.evalexp  0x40804518       0x78 cmd/built-in.o
 .text.evalstr  0x40804590       0x64 cmd/built-in.o
 .text.binary_test
                0x408045f4      0x1c0 cmd/built-in.o
 .text.do_itest
                0x408047b4       0x88 cmd/built-in.o
 .text.bin_data_init
                0x4080483c       0x2c cmd/built-in.o
 .text.k_data_save
                0x40804868       0x4c cmd/built-in.o
 .text.k_data_restore
                0x408048b4       0x4c cmd/built-in.o
 .text.getcxmodem
                0x40804900       0x20 cmd/built-in.o
 .text.load_serial_ymodem
                0x40804920       0xcc cmd/built-in.o
 .text.bin_data_char
                0x408049ec       0x2c cmd/built-in.o
 .text.chk1.constprop.1
                0x40804a18       0x30 cmd/built-in.o
 .text.s1_sendpacket.constprop.2
                0x40804a48       0x50 cmd/built-in.o
 .text.load_serial
                0x40804a98      0x1e4 cmd/built-in.o
 .text.do_load_serial
                0x40804c7c       0xdc cmd/built-in.o
 .text.do_load_serial_bin
                0x40804d58      0x7a0 cmd/built-in.o
 .text.do_mem_mw
                0x408054f8       0xc0 cmd/built-in.o
 .text.do_mem_loop
                0x408055b8       0xec cmd/built-in.o
 .text.do_mem_md
                0x408056a4       0xe8 cmd/built-in.o
 .text.do_mem_cmp
                0x4080578c      0x154 cmd/built-in.o
 .text.do_mem_base
                0x408058e0       0x40 cmd/built-in.o
 .text.do_mem_cp
                0x40805920       0xd4 cmd/built-in.o
 .text.do_mem_crc
                0x408059f4       0x48 cmd/built-in.o
 .text.mod_mem.isra.0
                0x40805a3c      0x170 cmd/built-in.o
 .text.do_mem_mm
                0x40805bac        0x8 cmd/built-in.o
 .text.do_mem_nm
                0x40805bb4        0x8 cmd/built-in.o
 .text.extract_range
                0x40805bbc       0x54 cmd/built-in.o
 .text.do_mii   0x40805c10      0x90c cmd/built-in.o
 .text.do_sleep
                0x4080651c       0xd0 cmd/built-in.o
 .text.do_mmcops
                0x408065ec       0xb8 cmd/built-in.o
 .text.init_mmc_device
                0x408066a4       0x50 cmd/built-in.o
 .text.do_mmc_rescan
                0x408066f4       0x24 cmd/built-in.o
 .text.do_mmc_rst_func
                0x40806718       0x9c cmd/built-in.o
 .text.do_mmc_partconf
                0x408067b4       0xb0 cmd/built-in.o
 .text.do_mmc_boot_resize
                0x40806864       0xc8 cmd/built-in.o
 .text.do_mmc_bootbus
                0x4080692c       0xb0 cmd/built-in.o
 .text.do_mmc_hwpartition
                0x408069dc      0x510 cmd/built-in.o
 .text.do_mmc_list
                0x40806eec       0x14 cmd/built-in.o
 .text.do_mmc_dev
                0x40806f00      0x134 cmd/built-in.o
 .text.do_mmc_part
                0x40807034       0x60 cmd/built-in.o
 .text.do_mmc_erase
                0x40807094       0xec cmd/built-in.o
 .text.do_mmc_write
                0x40807180      0x164 cmd/built-in.o
 .text.do_mmc_read
                0x408072e4      0x108 cmd/built-in.o
 .text.print_mmcreg
                0x408073ec      0x128 cmd/built-in.o
 .text.do_mmcreg
                0x40807514       0x48 cmd/built-in.o
 .text.do_mmcinfo
                0x4080755c      0x370 cmd/built-in.o
 .text.do_mmc_setdsr
                0x408078cc       0xa8 cmd/built-in.o
 .text.set_dev  0x40807974       0x74 cmd/built-in.o
 .text.nand_print_and_set_info
                0x408079e8       0xe4 cmd/built-in.o
 .text.do_nandboot
                0x40807acc      0x354 cmd/built-in.o
 .text.do_nand  0x40807e20      0xeb8 cmd/built-in.o
 .text.netboot_common
                0x40808cd8      0x288 cmd/built-in.o
 .text.do_bootp
                0x40808f60        0xc cmd/built-in.o
 .text.do_dhcp  0x40808f6c        0xc cmd/built-in.o
 .text.do_nfs   0x40808f78        0xc cmd/built-in.o
 .text.do_tftpb
                0x40808f84       0x40 cmd/built-in.o
                0x40808f84                do_tftpb
 .text.do_ping  0x40808fc4       0x78 cmd/built-in.o
 .text.do_part_list
                0x4080903c      0x17c cmd/built-in.o
 .text.do_part_start
                0x408091b8       0xc0 cmd/built-in.o
 .text.do_part_size
                0x40809278       0xc0 cmd/built-in.o
 .text.do_part  0x40809338      0x118 cmd/built-in.o
 .text.do_get_any
                0x40809450        0x8 cmd/built-in.o
 .text.eol_or_eof
                0x40809458       0x24 cmd/built-in.o
 .text.do_pxe   0x4080947c       0x7c cmd/built-in.o
 .text.label_print
                0x408094f8       0x1c cmd/built-in.o
 .text.do_get_tftp
                0x40809514       0x44 cmd/built-in.o
 .text.from_env
                0x40809558       0x2c cmd/built-in.o
 .text.get_string
                0x40809584       0xd0 cmd/built-in.o
 .text.label_destroy
                0x40809654       0x74 cmd/built-in.o
 .text.destroy_pxe_menu
                0x408096c8       0x5c cmd/built-in.o
 .text.get_token
                0x40809724      0x11c cmd/built-in.o
 .text.parse_sliteral
                0x40809840       0x54 cmd/built-in.o
 .text.parse_integer
                0x40809894       0x70 cmd/built-in.o
 .text.do_get_fat
                0x40809904       0x3c cmd/built-in.o
 .text.do_get_ext2
                0x40809940        0x8 cmd/built-in.o
 .text.format_mac_pxe.constprop.7
                0x40809948       0x74 cmd/built-in.o
 .text.get_relfile
                0x408099bc      0x138 cmd/built-in.o
 .text.get_pxe_file
                0x40809af4       0x58 cmd/built-in.o
 .text.handle_include
                0x40809b4c       0xa4 cmd/built-in.o
 .text.parse_pxefile_top
                0x40809bf0      0x458 cmd/built-in.o
 .text.parse_pxefile
                0x4080a048       0x70 cmd/built-in.o
 .text.get_pxelinux_path
                0x4080a0b8       0x7c cmd/built-in.o
 .text.do_pxe_get
                0x4080a134      0x160 cmd/built-in.o
 .text.get_relfile_envaddr
                0x4080a294       0x50 cmd/built-in.o
 .text.label_boot
                0x4080a2e4      0x5a0 cmd/built-in.o
 .text.handle_pxe_menu
                0x4080a884      0x15c cmd/built-in.o
 .text.do_pxe_boot
                0x4080a9e0       0xe0 cmd/built-in.o
 .text.do_sysboot
                0x4080aac0      0x1e0 cmd/built-in.o
 .text.bytes_per_second
                0x4080aca0       0x50 cmd/built-in.o
 .text.do_spi_flash
                0x4080acf0      0xa48 cmd/built-in.o
 .text.substitute
                0x4080b738       0xf0 cmd/built-in.o
 .text.get_arg  0x4080b828       0x58 cmd/built-in.o
 .text.regex_sub
                0x4080b880      0x454 cmd/built-in.o
 .text.do_setexpr
                0x4080bcd4      0x180 cmd/built-in.o
 .text.do_false
                0x4080be54        0x8 cmd/built-in.o
 .text.do_true  0x4080be5c        0x8 cmd/built-in.o
 .text.do_test  0x4080be64      0x32c cmd/built-in.o
 .text.do_unzip
                0x4080c190       0xa4 cmd/built-in.o
 .text.do_gzwrite
                0x4080c234      0x11c cmd/built-in.o
 .text.usb_get_class_desc
                0x4080c350       0xbc cmd/built-in.o
 .text.usb_find_device
                0x4080c40c       0x3c cmd/built-in.o
 .text.usb_show_tree_graph
                0x4080c448      0x238 cmd/built-in.o
 .text.usb_display_class_sub
                0x4080c680      0x170 cmd/built-in.o
 .text.usb_display_string
                0x4080c7f0       0x44 cmd/built-in.o
 .text.usb_display_config
                0x4080c834      0x228 cmd/built-in.o
 .text.do_usbboot
                0x4080ca5c        0xc cmd/built-in.o
 .text.usb_display_desc.part.1
                0x4080ca68      0x12c cmd/built-in.o
 .text.do_usb_start
                0x4080cb94       0x30 cmd/built-in.o
 .text.usb_show_tree
                0x4080cbc4       0x54 cmd/built-in.o
                0x4080cbc4                usb_show_tree
 .text.do_usb   0x4080cc18      0x778 cmd/built-in.o
 .text.common_diskboot
                0x4080d390      0x2a8 cmd/built-in.o
                0x4080d390                common_diskboot
 .text.do_usbtftp
                0x4080d638      0x384 cmd/built-in.o
 .text.do_imgextract
                0x4080d9bc      0x3ac cmd/built-in.o
 .text.do_env_delete
                0x4080dd68       0x9c cmd/built-in.o
 .text.do_env_exists
                0x4080de04       0x64 cmd/built-in.o
 .text.do_env_save
                0x4080de68       0x2c cmd/built-in.o
 .text.do_env   0x4080de94       0x68 cmd/built-in.o
 .text.env_print
                0x4080defc       0xc4 cmd/built-in.o
 .text.do_env_print
                0x4080dfc0       0xc4 cmd/built-in.o
 .text.do_env_import
                0x4080e084      0x288 cmd/built-in.o
 .text.do_env_default
                0x4080e30c       0x9c cmd/built-in.o
 .text._do_env_set.isra.0
                0x4080e3a8      0x1ac cmd/built-in.o
 .text.do_env_set
                0x4080e554       0x20 cmd/built-in.o
 .text.get_env_id
                0x4080e574       0x10 cmd/built-in.o
                0x4080e574                get_env_id
 .text.setenv   0x4080e584       0x60 cmd/built-in.o
                0x4080e584                setenv
 .text.setenv_hex
                0x4080e5e4       0x34 cmd/built-in.o
                0x4080e5e4                setenv_hex
 .text.do_env_export
                0x4080e618      0x250 cmd/built-in.o
 .text.envmatch
                0x4080e868       0x64 cmd/built-in.o
                0x4080e868                envmatch
 .text.getenv_f
                0x4080e8cc       0xcc cmd/built-in.o
                0x4080e8cc                getenv_f
 .text.getenv   0x4080e998       0x78 cmd/built-in.o
                0x4080e998                getenv
 .text.getenv_ulong
                0x4080ea10       0x30 cmd/built-in.o
                0x4080ea10                getenv_ulong
 .text.do_env_edit.part.2
                0x4080ea40       0xac cmd/built-in.o
 .text.do_env_edit
                0x4080eaec       0x2c cmd/built-in.o
 .text.do_getinfo
                0x4080eb18      0x25c cmd/built-in.o
 .text.board_init_f_alloc_reserve
                0x4080ed74        0xc common/built-in.o
                0x4080ed74                board_init_f_alloc_reserve
 .text.board_init_f_init_reserve
                0x4080ed80       0x20 common/built-in.o
                0x4080ed80                board_init_f_init_reserve
 .text.show_boot_progress
                0x4080eda0        0x8 common/built-in.o
                0x4080eda0                show_boot_progress
 .text.main_loop
                0x4080eda8       0x28 common/built-in.o
                0x4080eda8                main_loop
 .text.dummy    0x4080edd0        0x4 common/built-in.o
 .text.get_version
                0x4080edd4        0x8 common/built-in.o
                0x4080edd4                get_version
 .text.jumptable_init
                0x4080eddc      0x1e0 common/built-in.o
                0x4080eddc                jumptable_init
 .text.hash_finish_crc32
                0x4080efbc       0x30 common/built-in.o
 .text.hash_update_crc32
                0x4080efec       0x24 common/built-in.o
 .text.hash_init_crc32
                0x4080f010       0x24 common/built-in.o
 .text.hash_finish_sha256
                0x4080f034       0x38 common/built-in.o
 .text.hash_update_sha256
                0x4080f06c       0x1c common/built-in.o
 .text.hash_init_sha256
                0x4080f088       0x24 common/built-in.o
 .text.hash_finish_sha1
                0x4080f0ac       0x38 common/built-in.o
 .text.hash_update_sha1
                0x4080f0e4       0x1c common/built-in.o
 .text.hash_init_sha1
                0x4080f100       0x24 common/built-in.o
 .text.hash_lookup_algo
                0x4080f124       0x54 common/built-in.o
                0x4080f124                hash_lookup_algo
 .text.hash_command
                0x4080f178      0x1bc common/built-in.o
                0x4080f178                hash_command
 .text.b_reset  0x4080f334       0x1c common/built-in.o
 .text.static_get
                0x4080f350       0x1c common/built-in.o
 .text.file_peek
                0x4080f36c        0xc common/built-in.o
 .text.mapset   0x4080f378       0x24 common/built-in.o
 .text.syntax_err
                0x4080f39c        0xc common/built-in.o
 .text.free_pipe_list
                0x4080f3a8       0xf0 common/built-in.o
 .text.xmalloc  0x4080f498       0x20 common/built-in.o
 .text.new_pipe
                0x4080f4b8       0x28 common/built-in.o
 .text.xrealloc
                0x4080f4e0       0x20 common/built-in.o
 .text.done_command
                0x4080f500       0x88 common/built-in.o
 .text.done_pipe
                0x4080f588       0x48 common/built-in.o
 .text.done_word
                0x4080f5d0      0x2d4 common/built-in.o
 .text.do_showvar
                0x4080f8a4      0x100 common/built-in.o
 .text.is_assignment
                0x4080f9a4       0x5c common/built-in.o
 .text.file_get
                0x4080fa00      0x200 common/built-in.o
 .text.b_addchr
                0x4080fc00       0x80 common/built-in.o
 .text.b_addqchr
                0x4080fc80       0x50 common/built-in.o
 .text.static_peek
                0x4080fcd0        0xc common/built-in.o
 .text.get_local_var
                0x4080fcdc       0x94 common/built-in.o
                0x4080fcdc                get_local_var
 .text.set_local_var
                0x4080fd70      0x1a8 common/built-in.o
                0x4080fd70                set_local_var
 .text.insert_var_value_sub
                0x4080ff18      0x2bc common/built-in.o
 .text.parse_string_outer
                0x408101d4       0xe8 common/built-in.o
                0x408101d4                parse_string_outer
 .text.run_list_real
                0x408102bc      0x7a8 common/built-in.o
 .text.parse_stream_outer
                0x40810a64      0x6b0 common/built-in.o
 .text.parse_file_outer
                0x40811114       0x44 common/built-in.o
                0x40811114                parse_file_outer
 .text.u_boot_hush_start
                0x40811158       0x54 common/built-in.o
                0x40811158                u_boot_hush_start
 .text.bootdelay_process
                0x408111ac       0x50 common/built-in.o
                0x408111ac                bootdelay_process
 .text.autoboot_command
                0x408111fc       0xf4 common/built-in.o
                0x408111fc                autoboot_command
 .text.print_cpuinfo
                0x408112f0        0x8 common/built-in.o
 .text.show_dram_config
                0x408112f8       0x10 common/built-in.o
 .text.setup_mon_len
                0x40811308       0x20 common/built-in.o
 .text.reserve_round_4k
                0x40811328       0x18 common/built-in.o
 .text.reserve_mmu
                0x40811340       0x38 common/built-in.o
 .text.reserve_uboot
                0x40811378       0x30 common/built-in.o
 .text.reserve_malloc
                0x408113a8       0x14 common/built-in.o
 .text.reserve_global_data
                0x408113bc       0x1c common/built-in.o
 .text.reserve_fdt
                0x408113d8       0x4c common/built-in.o
 .text.initf_console_record
                0x40811424        0x8 common/built-in.o
 .text.arch_cpu_init_dm
                0x4081142c        0x8 common/built-in.o
                0x4081142c                arch_cpu_init_dm
 .text.init_baud_rate
                0x40811434       0x2c common/built-in.o
 .text.mark_bootstage
                0x40811460       0x14 common/built-in.o
 .text.initf_dm
                0x40811474        0x8 common/built-in.o
 .text.reloc_fdt
                0x4081147c       0x44 common/built-in.o
 .text.setup_reloc
                0x408114c0       0x68 common/built-in.o
 .text.reserve_board
                0x40811528       0x40 common/built-in.o
 .text.reserve_arch
                0x40811568        0x8 common/built-in.o
                0x40811568                reserve_arch
 .text.display_text_info
                0x40811570        0x8 common/built-in.o
 .text.announce_dram_init
                0x40811578        0x8 common/built-in.o
 .text.arch_cpu_init
                0x40811580        0x8 common/built-in.o
                0x40811580                arch_cpu_init
 .text.mach_cpu_init
                0x40811588        0x8 common/built-in.o
                0x40811588                mach_cpu_init
 .text.reserve_trace
                0x40811590        0x8 common/built-in.o
 .text.setup_machine
                0x40811598        0x8 common/built-in.o
 .text.display_new_sp
                0x408115a0        0x8 common/built-in.o
 .text.coloured_LED_init
                0x408115a8        0x4 common/built-in.o
                0x408115a8                coloured_LED_init
 .text.red_led_on
                0x408115ac        0x4 common/built-in.o
                0x408115ac                red_led_on
 .text.dram_init_banksize
                0x408115b0       0x20 common/built-in.o
                0x408115b0                dram_init_banksize
 .text.setup_dram_config
                0x408115d0       0x10 common/built-in.o
 .text.board_get_usable_ram_top
                0x408115e0       0x14 common/built-in.o
                0x408115e0                board_get_usable_ram_top
 .text.board_reserve_ram_top
                0x408115f4        0x4 common/built-in.o
                0x408115f4                board_reserve_ram_top
 .text.setup_dest_addr
                0x408115f8       0x4c common/built-in.o
 .text.reserve_stacks
                0x40811644       0x1c common/built-in.o
 .text.board_init_f
                0x40811660       0x28 common/built-in.o
                0x40811660                board_init_f
 .text.bootstage_relocate
                0x40811688        0x8 common/built-in.o
 .text.initr_reloc
                0x40811690       0x18 common/built-in.o
 .text.initr_reloc_global_data
                0x408116a8       0x28 common/built-in.o
 .text.power_init_board
                0x408116d0        0x8 common/built-in.o
                0x408116d0                power_init_board
 .text.initr_announce
                0x408116d8        0x8 common/built-in.o
 .text.run_main_loop
                0x408116e0        0xc common/built-in.o
 .text.initr_download
                0x408116ec       0x14 common/built-in.o
 .text.initr_net
                0x40811700       0x1c common/built-in.o
 .text.initr_ethaddr
                0x4081171c       0x20 common/built-in.o
 .text.initr_enable_interrupts
                0x4081173c       0x10 common/built-in.o
 .text.initr_jumptable
                0x4081174c       0x10 common/built-in.o
 .text.initr_env
                0x4081175c       0x30 common/built-in.o
 .text.initr_mmc
                0x4081178c       0x20 common/built-in.o
 .text.initr_nand
                0x408117ac       0x1c common/built-in.o
 .text.initr_snor
                0x408117c8       0x30 common/built-in.o
 .text.initr_serial
                0x408117f8       0x10 common/built-in.o
 .text.initr_bootstage
                0x40811808       0x14 common/built-in.o
 .text.initr_dm
                0x4081181c       0x14 common/built-in.o
 .text.initr_malloc
                0x40811830       0x1c common/built-in.o
 .text.initr_caches
                0x4081184c       0x10 common/built-in.o
 .text.initr_console_record
                0x4081185c        0x8 common/built-in.o
 .text.initr_trace
                0x40811864        0x8 common/built-in.o
 .text.initr_barrier
                0x4081186c        0x8 common/built-in.o
 .text.cpu_secondary_init_r
                0x40811874        0x4 common/built-in.o
                0x40811874                cpu_secondary_init_r
 .text.initr_secondary_cpu
                0x40811878       0x10 common/built-in.o
 .text.board_init_r
                0x40811888       0x14 common/built-in.o
                0x40811888                board_init_r
 .text.bootm_find_images
                0x4081189c       0x88 common/built-in.o
                0x4081189c                bootm_find_images
 .text.bootm_decomp_image
                0x40811924      0x140 common/built-in.o
                0x40811924                bootm_decomp_image
 .text.bootm_disable_interrupts
                0x40811a64       0x18 common/built-in.o
                0x40811a64                bootm_disable_interrupts
 .text.do_bootm_states
                0x40811a7c      0x870 common/built-in.o
                0x40811a7c                do_bootm_states
 .text.copy_args
                0x408122ec       0x50 common/built-in.o
 .text.do_bootm_rtems
                0x4081233c       0x54 common/built-in.o
 .text.do_bootm_plan9
                0x40812390       0xb8 common/built-in.o
 .text.do_bootm_standalone
                0x40812448       0x64 common/built-in.o
 .text.do_bootm_qnxelf
                0x408124ac       0x70 common/built-in.o
 .text.do_bootm_netbsd
                0x4081251c      0x104 common/built-in.o
 .text.do_bootvx_fdt
                0x40812620       0x3c common/built-in.o
                0x40812620                do_bootvx_fdt
 .text.do_bootm_vxworks
                0x4081265c       0x38 common/built-in.o
 .text.arch_preboot_os
                0x40812694        0x4 common/built-in.o
                0x40812694                arch_preboot_os
 .text.boot_selected_os
                0x40812698       0x58 common/built-in.o
                0x40812698                boot_selected_os
 .text.bootm_os_get_boot_func
                0x408126f0       0x10 common/built-in.o
                0x408126f0                bootm_os_get_boot_func
 .text.regex_callback
                0x40812700      0x12c common/built-in.o
 .text.env_attr_walk
                0x4081282c      0x120 common/built-in.o
                0x4081282c                env_attr_walk
 .text.env_attr_lookup
                0x4081294c       0x7c common/built-in.o
                0x4081294c                env_attr_lookup
 .text.clear_callback
                0x408129c8       0x10 common/built-in.o
 .text.find_env_callback
                0x408129d8       0x60 common/built-in.o
 .text.on_callbacks
                0x40812a38       0x50 common/built-in.o
 .text.set_callback
                0x40812a88       0x98 common/built-in.o
 .text.env_callback_init
                0x40812b20       0xc4 common/built-in.o
                0x40812b20                env_callback_init
 .text.skip_num
                0x40812be4       0x94 common/built-in.o
 .text.clear_flags
                0x40812c78       0x10 common/built-in.o
 .text.on_flags
                0x40812c88       0x50 common/built-in.o
 .text.env_flags_parse_vartype
                0x40812cd8       0x50 common/built-in.o
                0x40812cd8                env_flags_parse_vartype
 .text.env_flags_parse_varaccess
                0x40812d28       0x50 common/built-in.o
                0x40812d28                env_flags_parse_varaccess
 .text.set_flags
                0x40812d78       0xb0 common/built-in.o
 .text.eth_validate_ethaddr_str
                0x40812e28       0x94 common/built-in.o
                0x40812e28                eth_validate_ethaddr_str
 .text.env_flags_init
                0x40812ebc       0xd8 common/built-in.o
                0x40812ebc                env_flags_init
 .text.env_flags_validate
                0x40812f94      0x288 common/built-in.o
                0x40812f94                env_flags_validate
 .text.saveenv  0x4081321c       0x24 common/built-in.o
                0x4081321c                saveenv
 .text.env_relocate_spec
                0x40813240       0xa8 common/built-in.o
                0x40813240                env_relocate_spec
 .text.env_init
                0x408132e8       0x1c common/built-in.o
                0x408132e8                env_init
 .text.mmc_get_env_addr
                0x40813304       0x10 common/built-in.o
                0x40813304                mmc_get_env_addr
 .text.mmc_get_env_dev
                0x40813314        0x8 common/built-in.o
                0x40813314                mmc_get_env_dev
 .text.emmc_saveenv
                0x4081331c      0x128 common/built-in.o
                0x4081331c                emmc_saveenv
 .text.emmc_env_relocate_spec
                0x40813444       0xe8 common/built-in.o
                0x40813444                emmc_env_relocate_spec
 .text.nand_saveenv
                0x4081352c      0x140 common/built-in.o
                0x4081352c                nand_saveenv
 .text.nand_env_relocate_spec
                0x4081366c       0xec common/built-in.o
                0x4081366c                nand_env_relocate_spec
 .text.sf_saveenv
                0x40813758       0xe0 common/built-in.o
                0x40813758                sf_saveenv
 .text.sf_env_relocate_spec
                0x40813838       0xcc common/built-in.o
                0x40813838                sf_env_relocate_spec
 .text.miiphy_get_dev_by_name
                0x40813904       0x58 common/built-in.o
                0x40813904                miiphy_get_dev_by_name
 .text.miiphy_init
                0x4081395c       0x24 common/built-in.o
                0x4081395c                miiphy_init
 .text.mdio_alloc
                0x40813980       0x30 common/built-in.o
                0x40813980                mdio_alloc
 .text.mdio_free
                0x408139b0        0x4 common/built-in.o
                0x408139b0                mdio_free
 .text.mdio_register
                0x408139b4       0x88 common/built-in.o
                0x408139b4                mdio_register
 .text.miiphy_set_current_dev
                0x40813a3c       0x40 common/built-in.o
                0x40813a3c                miiphy_set_current_dev
 .text.miiphy_get_active_dev
                0x40813a7c       0x54 common/built-in.o
 .text.miiphy_get_current_dev
                0x40813ad0       0x18 common/built-in.o
                0x40813ad0                miiphy_get_current_dev
 .text.miiphy_read
                0x40813ae8       0x4c common/built-in.o
                0x40813ae8                miiphy_read
 .text.miiphy_write
                0x40813b34       0x40 common/built-in.o
                0x40813b34                miiphy_write
 .text.miiphy_listdev
                0x40813b74       0x78 common/built-in.o
                0x40813b74                miiphy_listdev
 .text.miiphy_info
                0x40813bec       0x88 common/built-in.o
                0x40813bec                miiphy_info
 .text.miiphy_reset
                0x40813c74       0xa4 common/built-in.o
                0x40813c74                miiphy_reset
 .text.miiphy_speed
                0x40813d18       0xc4 common/built-in.o
                0x40813d18                miiphy_speed
 .text.miiphy_duplex
                0x40813ddc       0xbc common/built-in.o
                0x40813ddc                miiphy_duplex
 .text.miiphy_is_1000base_x
                0x40813e98        0x8 common/built-in.o
                0x40813e98                miiphy_is_1000base_x
 .text.miiphy_link
                0x40813ea0       0x54 common/built-in.o
                0x40813ea0                miiphy_link
 .text.usb_set_maxpacket_ep
                0x40813ef4       0x78 common/built-in.o
 .text.usb_stop
                0x40813f6c       0x6c common/built-in.o
                0x40813f6c                usb_stop
 .text.usb_disable_asynch
                0x40813fd8       0x20 common/built-in.o
                0x40813fd8                usb_disable_asynch
 .text.usb_control_msg
                0x40813ff8       0xdc common/built-in.o
                0x40813ff8                usb_control_msg
 .text.usb_get_descriptor
                0x408140d4       0x58 common/built-in.o
 .text.get_descriptor_len
                0x4081412c       0xe4 common/built-in.o
 .text.usb_get_string
                0x40814210       0x74 common/built-in.o
 .text.usb_string_sub
                0x40814284      0x104 common/built-in.o
 .text.usb_bulk_msg
                0x40814388       0x98 common/built-in.o
                0x40814388                usb_bulk_msg
 .text.usb_maxpacket
                0x40814420       0x1c common/built-in.o
                0x40814420                usb_maxpacket
 .text.usb_clear_halt
                0x4081443c       0x90 common/built-in.o
                0x4081443c                usb_clear_halt
 .text.usb_get_configuration_len
                0x408144cc       0x74 common/built-in.o
                0x408144cc                usb_get_configuration_len
 .text.usb_get_configuration_no
                0x40814540       0x34 common/built-in.o
                0x40814540                usb_get_configuration_no
 .text.usb_set_interface
                0x40814574       0xb4 common/built-in.o
                0x40814574                usb_set_interface
 .text.usb_string
                0x40814628      0x100 common/built-in.o
                0x40814628                usb_string
 .text.usb_get_dev_index
                0x40814728       0x24 common/built-in.o
                0x40814728                usb_get_dev_index
 .text.usb_alloc_new_device
                0x4081474c       0x9c common/built-in.o
                0x4081474c                usb_alloc_new_device
 .text.usb_free_device
                0x408147e8       0x48 common/built-in.o
                0x408147e8                usb_free_device
 .text.usb_select_config
                0x40814830      0x464 common/built-in.o
                0x40814830                usb_select_config
 .text.usb_setup_device
                0x40814c94      0x164 common/built-in.o
                0x40814c94                usb_setup_device
 .text.usb_new_device
                0x40814df8       0x30 common/built-in.o
                0x40814df8                usb_new_device
 .text.usb_init
                0x40814e28      0x144 common/built-in.o
                0x40814e28                usb_init
 .text.usb_device_has_child_on_port
                0x40814f6c       0x14 common/built-in.o
                0x40814f6c                usb_device_has_child_on_port
 .text.usb_set_port_feature
                0x40814f80       0x4c common/built-in.o
 .text.usb_clear_port_feature
                0x40814fcc       0x4c common/built-in.o
 .text.usb_get_hub_descriptor
                0x40815018       0x4c common/built-in.o
 .text.usb_hub_reset_devices
                0x40815064        0x4 common/built-in.o
                0x40815064                usb_hub_reset_devices
 .text.usb_get_port_status
                0x40815068       0x4c common/built-in.o
                0x40815068                usb_get_port_status
 .text.usb_hub_reset
                0x408150b4       0x20 common/built-in.o
                0x408150b4                usb_hub_reset
 .text.legacy_hub_port_reset
                0x408150d4       0xe8 common/built-in.o
                0x408150d4                legacy_hub_port_reset
 .text.usb_hub_port_connect_change
                0x408151bc      0x184 common/built-in.o
                0x408151bc                usb_hub_port_connect_change
 .text.usb_hub_configure
                0x40815340      0x4c0 common/built-in.o
 .text.usb_hub_probe
                0x40815800       0x54 common/built-in.o
                0x40815800                usb_hub_probe
 .text.usb_stor_irq
                0x40815854       0x1c common/built-in.o
 .text.usb_stor_BBB_reset
                0x40815870       0xd8 common/built-in.o
 .text.usb_stor_CB_reset
                0x40815948       0xd8 common/built-in.o
 .text.usb_stor_BBB_clear_endpt_stall.isra.2
                0x40815a20       0x40 common/built-in.o
 .text.usb_stor_BBB_transport
                0x40815a60      0x264 common/built-in.o
 .text.usb_stor_CB_comdat
                0x40815cc4      0x218 common/built-in.o
 .text.usb_stor_CBI_get_status.isra.4
                0x40815edc       0xc8 common/built-in.o
 .text.usb_stor_CB_transport
                0x40815fa4      0x218 common/built-in.o
 .text.usb_request_sense.constprop.10
                0x408161bc       0x70 common/built-in.o
 .text.usb_stor_read
                0x4081622c      0x168 common/built-in.o
 .text.usb_stor_write
                0x40816394      0x168 common/built-in.o
 .text.usb_stor_info
                0x408164fc       0x78 common/built-in.o
                0x408164fc                usb_stor_info
 .text.usb_storage_probe
                0x40816574      0x210 common/built-in.o
                0x40816574                usb_storage_probe
 .text.usb_stor_get_info
                0x40816784      0x2ec common/built-in.o
                0x40816784                usb_stor_get_info
 .text.usb_stor_scan
                0x40816a70      0x1ec common/built-in.o
                0x40816a70                usb_stor_scan
 .text.menu_display_statusline
                0x40816c5c        0x4 common/built-in.o
                0x40816c5c                menu_display_statusline
 .text.menu_default_set
                0x40816c60       0x80 common/built-in.o
                0x40816c60                menu_default_set
 .text.menu_get_choice
                0x40816ce0      0x1f8 common/built-in.o
                0x40816ce0                menu_get_choice
 .text.menu_item_add
                0x40816ed8       0xd0 common/built-in.o
                0x40816ed8                menu_item_add
 .text.menu_create
                0x40816fa8       0x90 common/built-in.o
                0x40816fa8                menu_create
 .text.menu_destroy
                0x40817038       0x6c common/built-in.o
                0x40817038                menu_destroy
 .text.env_get_char_spec
                0x408170a4        0xc common/built-in.o
                0x408170a4                env_get_char_spec
 .text.env_get_addr
                0x408170b0       0x20 common/built-in.o
                0x408170b0                env_get_addr
 .text.env_get_char_memory
                0x408170d0       0x10 common/built-in.o
                0x408170d0                env_get_char_memory
 .text.env_get_char
                0x408170e0       0x30 common/built-in.o
                0x408170e0                env_get_char
 .text.getenv_yesno
                0x40817110       0x3c common/built-in.o
                0x40817110                getenv_yesno
 .text.getenv_default
                0x4081714c       0x30 common/built-in.o
                0x4081714c                getenv_default
 .text.set_default_env
                0x4081717c       0xcc common/built-in.o
                0x4081717c                set_default_env
 .text.set_default_vars
                0x40817248       0x38 common/built-in.o
                0x40817248                set_default_vars
 .text.env_import
                0x40817280       0xe0 common/built-in.o
                0x40817280                env_import
 .text.env_export
                0x40817360       0xa4 common/built-in.o
                0x40817360                env_export
 .text.env_relocate
                0x40817404       0x2c common/built-in.o
                0x40817404                env_relocate
 .text.env_complete
                0x40817430       0xf0 common/built-in.o
                0x40817430                env_complete
 .text.console_setfile
                0x40817520       0xbc common/built-in.o
 .text.putc     0x408175dc       0x34 common/built-in.o
                0x408175dc                putc
 .text.puts     0x40817610       0x34 common/built-in.o
                0x40817610                puts
 .text.fgetc    0x40817644       0x24 common/built-in.o
                0x40817644                fgetc
 .text.getc     0x40817668       0x24 common/built-in.o
                0x40817668                getc
 .text.ftstc    0x4081768c       0x24 common/built-in.o
                0x4081768c                ftstc
 .text.tstc     0x408176b0       0x24 common/built-in.o
                0x408176b0                tstc
 .text.ctrlc    0x408176d4       0x58 common/built-in.o
                0x408176d4                ctrlc
 .text.confirm_yesno
                0x4081772c       0xcc common/built-in.o
                0x4081772c                confirm_yesno
 .text.had_ctrlc
                0x408177f8       0x10 common/built-in.o
                0x408177f8                had_ctrlc
 .text.clear_ctrlc
                0x40817808       0x14 common/built-in.o
                0x40817808                clear_ctrlc
 .text.search_device
                0x4081781c       0x28 common/built-in.o
                0x4081781c                search_device
 .text.console_assign
                0x40817844       0x40 common/built-in.o
                0x40817844                console_assign
 .text.on_console
                0x40817884       0xb8 common/built-in.o
 .text.console_init_f
                0x4081793c       0x10 common/built-in.o
                0x4081793c                console_init_f
 .text.stdio_print_current_devices
                0x4081794c       0xb0 common/built-in.o
                0x4081794c                stdio_print_current_devices
 .text.console_init_r
                0x408179fc       0xdc common/built-in.o
                0x408179fc                console_init_r
 .text.print_to_hitool
                0x40817ad8       0x44 common/built-in.o
                0x40817ad8                print_to_hitool
 .text.sbrk     0x40817b1c       0x6c common/built-in.o
                0x40817b1c                sbrk
 .text.mem_malloc_init
                0x40817b88       0x34 common/built-in.o
                0x40817b88                mem_malloc_init
 .text.malloc_trim
                0x40817bbc       0xd0 common/built-in.o
                0x40817bbc                malloc_trim
 .text.free     0x40817c8c      0x240 common/built-in.o
                0x40817c8c                free
 .text.malloc   0x40817ecc      0x610 common/built-in.o
                0x40817ecc                malloc
 .text.calloc   0x408184dc      0x140 common/built-in.o
                0x408184dc                calloc
 .text.realloc  0x4081861c      0x43c common/built-in.o
                0x4081861c                realloc
 .text.memalign
                0x40818a58      0x170 common/built-in.o
                0x40818a58                memalign
 .text.initf_malloc
                0x40818bc8       0x18 common/built-in.o
                0x40818bc8                initf_malloc
 .text.malloc_simple
                0x40818be0       0x30 common/built-in.o
                0x40818be0                malloc_simple
 .text.on_loadaddr
                0x40818c10       0x40 common/built-in.o
 .text.image_check_hcrc
                0x40818c50       0x4c common/built-in.o
                0x40818c50                image_check_hcrc
 .text.image_check_dcrc
                0x40818c9c       0x38 common/built-in.o
                0x40818c9c                image_check_dcrc
 .text.image_multi_count
                0x40818cd4       0x20 common/built-in.o
                0x40818cd4                image_multi_count
 .text.image_multi_getimg
                0x40818cf4       0x80 common/built-in.o
                0x40818cf4                image_multi_getimg
 .text.getenv_bootm_low
                0x40818d74       0x30 common/built-in.o
                0x40818d74                getenv_bootm_low
 .text.getenv_bootm_size
                0x40818da4       0x68 common/built-in.o
                0x40818da4                getenv_bootm_size
 .text.getenv_bootm_mapsize
                0x40818e0c       0x30 common/built-in.o
                0x40818e0c                getenv_bootm_mapsize
 .text.memmove_wd
                0x40818e3c        0xc common/built-in.o
                0x40818e3c                memmove_wd
 .text.genimg_print_size
                0x40818e48       0x30 common/built-in.o
                0x40818e48                genimg_print_size
 .text.get_table_entry
                0x40818e78       0x24 common/built-in.o
                0x40818e78                get_table_entry
 .text.get_table_entry_name
                0x40818e9c       0x20 common/built-in.o
                0x40818e9c                get_table_entry_name
 .text.genimg_get_os_name
                0x40818ebc       0x18 common/built-in.o
                0x40818ebc                genimg_get_os_name
 .text.genimg_get_arch_name
                0x40818ed4       0x18 common/built-in.o
                0x40818ed4                genimg_get_arch_name
 .text.genimg_get_type_name
                0x40818eec       0x18 common/built-in.o
                0x40818eec                genimg_get_type_name
 .text.genimg_get_comp_name
                0x40818f04       0x18 common/built-in.o
                0x40818f04                genimg_get_comp_name
 .text.image_print_contents
                0x40818f1c      0x17c common/built-in.o
                0x40818f1c                image_print_contents
 .text.get_table_entry_id
                0x40819098       0x4c common/built-in.o
                0x40819098                get_table_entry_id
 .text.genimg_get_os_id
                0x408190e4       0x18 common/built-in.o
                0x408190e4                genimg_get_os_id
 .text.genimg_get_arch_id
                0x408190fc       0x18 common/built-in.o
                0x408190fc                genimg_get_arch_id
 .text.genimg_get_type_id
                0x40819114       0x18 common/built-in.o
                0x40819114                genimg_get_type_id
 .text.genimg_get_comp_id
                0x4081912c       0x18 common/built-in.o
                0x4081912c                genimg_get_comp_id
 .text.genimg_get_kernel_addr_fit
                0x40819144       0x70 common/built-in.o
                0x40819144                genimg_get_kernel_addr_fit
 .text.genimg_get_kernel_addr
                0x408191b4       0x24 common/built-in.o
                0x408191b4                genimg_get_kernel_addr
 .text.genimg_get_format
                0x408191d8       0x34 common/built-in.o
                0x408191d8                genimg_get_format
 .text.genimg_get_image
                0x4081920c        0x4 common/built-in.o
                0x4081920c                genimg_get_image
 .text.boot_get_ramdisk
                0x40819210      0x370 common/built-in.o
                0x40819210                boot_get_ramdisk
 .text.boot_ramdisk_high
                0x40819580      0x130 common/built-in.o
                0x40819580                boot_ramdisk_high
 .text.boot_get_setup
                0x408196b0        0x4 common/built-in.o
                0x408196b0                boot_get_setup
 .text.boot_get_loadable
                0x408196b4       0xe4 common/built-in.o
                0x408196b4                boot_get_loadable
 .text.fit_image_get_address
                0x40819798       0x64 common/built-in.o
 .text.fit_parse_conf
                0x408197fc       0x64 common/built-in.o
                0x408197fc                fit_parse_conf
 .text.fit_parse_subimage
                0x40819860       0x64 common/built-in.o
                0x40819860                fit_parse_subimage
 .text.fit_get_desc
                0x408198c4       0x30 common/built-in.o
                0x408198c4                fit_get_desc
 .text.fit_image_get_node
                0x408198f4       0x30 common/built-in.o
                0x408198f4                fit_image_get_node
 .text.fit_image_get_os
                0x40819924       0x3c common/built-in.o
                0x40819924                fit_image_get_os
 .text.fit_image_get_arch
                0x40819960       0x3c common/built-in.o
                0x40819960                fit_image_get_arch
 .text.fit_image_get_type
                0x4081999c       0x3c common/built-in.o
                0x4081999c                fit_image_get_type
 .text.fit_image_get_comp
                0x408199d8       0x3c common/built-in.o
                0x408199d8                fit_image_get_comp
 .text.fit_image_get_load
                0x40819a14       0x10 common/built-in.o
                0x40819a14                fit_image_get_load
 .text.fit_image_get_entry
                0x40819a24       0x10 common/built-in.o
                0x40819a24                fit_image_get_entry
 .text.fit_image_get_data
                0x40819a34       0x40 common/built-in.o
                0x40819a34                fit_image_get_data
 .text.fit_image_hash_get_algo
                0x40819a74       0x30 common/built-in.o
                0x40819a74                fit_image_hash_get_algo
 .text.fit_image_hash_get_value
                0x40819aa4       0x40 common/built-in.o
                0x40819aa4                fit_image_hash_get_value
 .text.fit_image_print_data
                0x40819ae4      0x144 common/built-in.o
 .text.fit_image_print
                0x40819c28      0x34c common/built-in.o
                0x40819c28                fit_image_print
 .text.fit_get_end
                0x40819f74       0x10 common/built-in.o
                0x40819f74                fit_get_end
 .text.calculate_hash
                0x40819f84       0xf8 common/built-in.o
                0x40819f84                calculate_hash
 .text.fit_image_verify
                0x4081a07c      0x21c common/built-in.o
                0x4081a07c                fit_image_verify
 .text.fit_all_image_verify
                0x4081a298       0xfc common/built-in.o
                0x4081a298                fit_all_image_verify
 .text.fit_image_check_os
                0x4081a394       0x30 common/built-in.o
                0x4081a394                fit_image_check_os
 .text.fit_image_check_arch
                0x4081a3c4       0x44 common/built-in.o
                0x4081a3c4                fit_image_check_arch
 .text.fit_image_check_type
                0x4081a408       0x30 common/built-in.o
                0x4081a408                fit_image_check_type
 .text.fit_image_check_comp
                0x4081a438       0x30 common/built-in.o
                0x4081a438                fit_image_check_comp
 .text.fit_check_format
                0x4081a468       0x40 common/built-in.o
                0x4081a468                fit_check_format
 .text.fit_conf_get_node
                0x4081a4a8       0x6c common/built-in.o
                0x4081a4a8                fit_conf_get_node
 .text.fit_conf_get_prop_node
                0x4081a514       0x2c common/built-in.o
                0x4081a514                fit_conf_get_prop_node
 .text.fit_conf_print
                0x4081a540      0x19c common/built-in.o
                0x4081a540                fit_conf_print
 .text.fit_print_contents
                0x4081a6dc      0x204 common/built-in.o
                0x4081a6dc                fit_print_contents
 .text.fit_get_node_from_config
                0x4081a8e0       0x40 common/built-in.o
                0x4081a8e0                fit_get_node_from_config
 .text.fit_image_load
                0x4081a920      0x568 common/built-in.o
                0x4081a920                fit_image_load
 .text.boot_get_setup_fit
                0x4081ae88       0x6c common/built-in.o
                0x4081ae88                boot_get_setup_fit
 .text.get_effective_memsize
                0x4081aef4        0x8 common/built-in.o
                0x4081aef4                get_effective_memsize
 .text.stdio_serial_tstc
                0x4081aefc        0x4 common/built-in.o
 .text.stdio_serial_getc
                0x4081af00        0x4 common/built-in.o
 .text.stdio_serial_puts
                0x4081af04        0x8 common/built-in.o
 .text.stdio_serial_putc
                0x4081af0c        0x8 common/built-in.o
 .text.stdio_get_list
                0x4081af14        0xc common/built-in.o
                0x4081af14                stdio_get_list
 .text.stdio_get_by_name
                0x4081af20       0x4c common/built-in.o
                0x4081af20                stdio_get_by_name
 .text.stdio_clone
                0x4081af6c       0x38 common/built-in.o
                0x4081af6c                stdio_clone
 .text.stdio_register_dev
                0x4081afa4       0x50 common/built-in.o
                0x4081afa4                stdio_register_dev
 .text.stdio_register
                0x4081aff4        0x8 common/built-in.o
                0x4081aff4                stdio_register
 .text.stdio_init_tables
                0x4081affc       0x1c common/built-in.o
                0x4081affc                stdio_init_tables
 .text.stdio_add_devices
                0x4081b018       0x78 common/built-in.o
                0x4081b018                stdio_add_devices
 .text.cli_simple_process_macros
                0x4081b090      0x218 common/built-in.o
                0x4081b090                cli_simple_process_macros
 .text.run_command
                0x4081b2a8       0x10 common/built-in.o
                0x4081b2a8                run_command
 .text.run_command_list
                0x4081b2b8       0x7c common/built-in.o
                0x4081b2b8                run_command_list
 .text.do_run   0x4081b334       0x74 common/built-in.o
                0x4081b334                do_run
 .text.cli_loop
                0x4081b3a8        0xc common/built-in.o
                0x4081b3a8                cli_loop
 .text.cli_init
                0x4081b3b4        0x4 common/built-in.o
                0x4081b3b4                cli_init
 .text.delete_char.part.0
                0x4081b3b8       0xd4 common/built-in.o
 .text.cread_add_char
                0x4081b48c       0xe8 common/built-in.o
 .text.cli_readline_into_buffer
                0x4081b574      0xa28 common/built-in.o
                0x4081b574                cli_readline_into_buffer
 .text.cli_readline
                0x4081bf9c       0x14 common/built-in.o
                0x4081bf9c                cli_readline
 .text.find_cmd_tbl
                0x4081bfb0       0xa0 common/built-in.o
                0x4081bfb0                find_cmd_tbl
 .text.find_cmd
                0x4081c050       0x28 common/built-in.o
                0x4081c050                find_cmd
 .text.cmd_usage
                0x4081c078       0x5c common/built-in.o
                0x4081c078                cmd_usage
 .text._do_help
                0x4081c0d4      0x188 common/built-in.o
                0x4081c0d4                _do_help
 .text.var_complete
                0x4081c25c       0x94 common/built-in.o
                0x4081c25c                var_complete
 .text.cmd_auto_complete
                0x4081c2f0      0x4cc common/built-in.o
                0x4081c2f0                cmd_auto_complete
 .text.cmd_get_data_size
                0x4081c7bc       0x50 common/built-in.o
                0x4081c7bc                cmd_get_data_size
 .text.cmd_process
                0x4081c80c       0xec common/built-in.o
                0x4081c80c                cmd_process
 .text.cmd_process_error
                0x4081c8f8       0x30 common/built-in.o
                0x4081c8f8                cmd_process_error
 .text.hex1_bin
                0x4081c928       0x40 common/built-in.o
 .text.hex2_bin
                0x4081c968       0x38 common/built-in.o
 .text.srec_decode
                0x4081c9a0      0x24c common/built-in.o
                0x4081c9a0                srec_decode
 .text.CYGACC_COMM_IF_GETC_TIMEOUT.isra.0
                0x4081cbec       0x5c common/built-in.o
 .text.xyzModem_flush
                0x4081cc48       0x1c common/built-in.o
 .text.xyzModem_get_hdr
                0x4081cc64      0x220 common/built-in.o
 .text.xyzModem_stream_open
                0x4081ce84      0x228 common/built-in.o
                0x4081ce84                xyzModem_stream_open
 .text.xyzModem_stream_read
                0x4081d0ac      0x24c common/built-in.o
                0x4081d0ac                xyzModem_stream_read
 .text.xyzModem_stream_close
                0x4081d2f8       0x54 common/built-in.o
                0x4081d2f8                xyzModem_stream_close
 .text.xyzModem_stream_terminate
                0x4081d34c       0x94 common/built-in.o
                0x4081d34c                xyzModem_stream_terminate
 .text.xyzModem_error
                0x4081d3e0       0x20 common/built-in.o
                0x4081d3e0                xyzModem_error
 .text.recv_byte
                0x4081d400       0x20 common/built-in.o
 .text.calc_crc16.constprop.0
                0x4081d420       0x78 common/built-in.o
 .text.download_process
                0x4081d498      0x134 common/built-in.o
                0x4081d498                download_process
 .text.download_boot
                0x4081d5cc       0x5c common/built-in.o
                0x4081d5cc                download_boot
 .text.do_ugzip
                0x4081d628      0x10c common/built-in.o
 .text.dev_print
                0x4081d734      0x218 disk/built-in.o
                0x4081d734                dev_print
 .text.part_init
                0x4081d94c       0x54 disk/built-in.o
                0x4081d94c                part_init
 .text.part_print
                0x4081d9a0      0x128 disk/built-in.o
                0x4081d9a0                part_print
 .text.part_get_info
                0x4081dac8       0x6c disk/built-in.o
                0x4081dac8                part_get_info
 .text.blk_get_device_by_str
                0x4081db34      0x154 disk/built-in.o
                0x4081db34                blk_get_device_by_str
 .text.blk_get_device_part_str
                0x4081dc88      0x3ec disk/built-in.o
                0x4081dc88                blk_get_device_part_str
 .text.part_set_generic_name
                0x4081e074       0x4c disk/built-in.o
                0x4081e074                part_set_generic_name
 .text.test_block_type
                0x4081e0c0       0xd4 disk/built-in.o
 .text.print_partition_extended
                0x4081e194      0x270 disk/built-in.o
 .text.part_print_dos
                0x4081e404       0x34 disk/built-in.o
                0x4081e404                part_print_dos
 .text.part_test_dos
                0x4081e438       0x60 disk/built-in.o
 .text.part_get_info_extended
                0x4081e498      0x2a4 disk/built-in.o
 .text.part_get_info_dos
                0x4081e73c       0x24 disk/built-in.o
                0x4081e73c                part_get_info_dos
 .text.iso_dread
                0x4081e760       0xac disk/built-in.o
                0x4081e760                iso_dread
 .text.part_get_info_iso_verb
                0x4081e80c      0x3c8 disk/built-in.o
                0x4081e80c                part_get_info_iso_verb
 .text.part_test_iso
                0x4081ebd4       0x20 disk/built-in.o
 .text.part_print_iso
                0x4081ebf4       0x9c disk/built-in.o
 .text.part_get_info_iso
                0x4081ec90        0x8 disk/built-in.o
 .text.print_efiname
                0x4081ec98       0x88 disk/built-in.o
 .text.part_test_efi
                0x4081ed20       0xd0 disk/built-in.o
 .text.validate_gpt_entries
                0x4081edf0       0x98 disk/built-in.o
 .text.validate_gpt_header
                0x4081ee88      0x228 disk/built-in.o
 .text.is_gpt_valid
                0x4081f0b0      0x1c8 disk/built-in.o
 .text.is_pte_valid
                0x4081f278       0x58 disk/built-in.o
 .text.part_print_efi
                0x4081f2d0      0x284 disk/built-in.o
                0x4081f2d0                part_print_efi
 .text.part_get_info_efi
                0x4081f554      0x1f0 disk/built-in.o
                0x4081f554                part_get_info_efi
 .text.device_bind_common.isra.0
                0x4081f744      0x314 drivers/built-in.o
 .text.alloc_priv
                0x4081fa58       0x44 drivers/built-in.o
 .text.device_bind_by_name
                0x4081fa9c       0x68 drivers/built-in.o
                0x4081fa9c                device_bind_by_name
 .text.device_probe
                0x4081fb04      0x21c drivers/built-in.o
                0x4081fb04                device_probe
 .text.lists_driver_lookup_name
                0x4081fd20       0x48 drivers/built-in.o
                0x4081fd20                lists_driver_lookup_name
 .text.lists_uclass_lookup
                0x4081fd68       0x38 drivers/built-in.o
                0x4081fd68                lists_uclass_lookup
 .text.lists_bind_drivers
                0x4081fda0       0x8c drivers/built-in.o
                0x4081fda0                lists_bind_drivers
 .text.dm_root  0x4081fe2c       0x2c drivers/built-in.o
                0x4081fe2c                dm_root
 .text.dm_init  0x4081fe58       0x58 drivers/built-in.o
                0x4081fe58                dm_init
 .text.dm_scan_platdata
                0x4081feb0       0x2c drivers/built-in.o
                0x4081feb0                dm_scan_platdata
 .text.dm_scan_other
                0x4081fedc        0x8 drivers/built-in.o
                0x4081fedc                dm_scan_other
 .text.dm_init_and_scan
                0x4081fee4       0x30 drivers/built-in.o
                0x4081fee4                dm_init_and_scan
 .text.uclass_find
                0x4081ff14       0x4c drivers/built-in.o
                0x4081ff14                uclass_find
 .text.uclass_get
                0x4081ff60      0x118 drivers/built-in.o
                0x4081ff60                uclass_get
 .text.uclass_find_device_by_seq
                0x40820078       0x7c drivers/built-in.o
                0x40820078                uclass_find_device_by_seq
 .text.uclass_bind_device
                0x408200f4       0x7c drivers/built-in.o
                0x408200f4                uclass_bind_device
 .text.uclass_unbind_device
                0x40820170       0x4c drivers/built-in.o
                0x40820170                uclass_unbind_device
 .text.uclass_resolve_seq
                0x408201bc       0xb4 drivers/built-in.o
                0x408201bc                uclass_resolve_seq
 .text.uclass_pre_probe_device
                0x40820270       0x64 drivers/built-in.o
                0x40820270                uclass_pre_probe_device
 .text.uclass_post_probe_device
                0x408202d4       0x20 drivers/built-in.o
                0x408202d4                uclass_post_probe_device
 .text.uclass_pre_remove_device
                0x408202f4       0x20 drivers/built-in.o
                0x408202f4                uclass_pre_remove_device
 .text.dm_warn  0x40820314       0x28 drivers/built-in.o
                0x40820314                dm_warn
 .text.device_free
                0x4082033c       0x90 drivers/built-in.o
                0x4082033c                device_free
 .text.device_remove
                0x408203cc      0x128 drivers/built-in.o
                0x408203cc                device_remove
 .text.show_devices
                0x408204f4      0x100 drivers/built-in.o
 .text.dm_dump_all
                0x408205f4       0x3c drivers/built-in.o
                0x408205f4                dm_dump_all
 .text.dm_dump_uclass
                0x40820630       0xec drivers/built-in.o
                0x40820630                dm_dump_uclass
 .text.get_desc
                0x4082071c       0x6c drivers/built-in.o
 .text.blk_driver_lookup_type
                0x40820788       0x38 drivers/built-in.o
                0x40820788                blk_driver_lookup_type
 .text.blk_get_devnum_by_type
                0x408207c0       0x3c drivers/built-in.o
                0x408207c0                blk_get_devnum_by_type
 .text.blk_dselect_hwpart
                0x408207fc       0x48 drivers/built-in.o
                0x408207fc                blk_dselect_hwpart
 .text.blk_get_devnum_by_typename
                0x40820844       0x68 drivers/built-in.o
                0x40820844                blk_get_devnum_by_typename
 .text.blk_select_hwpart_devnum
                0x408208ac       0x48 drivers/built-in.o
                0x408208ac                blk_select_hwpart_devnum
 .text.xhci_hcd_init
                0x408208f4       0x2c drivers/built-in.o
                0x408208f4                xhci_hcd_init
 .text.usb2_eye_config
                0x40820920       0x68 drivers/built-in.o
                0x40820920                usb2_eye_config
 .text.usb2_trim_config
                0x40820988       0x44 drivers/built-in.o
                0x40820988                usb2_trim_config
 .text.usb2_svb_config
                0x408209cc       0x7c drivers/built-in.o
                0x408209cc                usb2_svb_config
 .text.phy_hiusb_init
                0x40820a48      0x1ec drivers/built-in.o
                0x40820a48                phy_hiusb_init
 .text.xhci_hcd_stop
                0x40820c34       0x5c drivers/built-in.o
                0x40820c34                xhci_hcd_stop
 .text.ddr_cmd_prepare_copy
                0x40820c90        0x4 drivers/ddr/hisilicon/hi3516ev200/built-in.o
                0x40820c90                ddr_cmd_prepare_copy
 .text.ddr_cmd_site_save
                0x40820c94       0x64 drivers/ddr/hisilicon/hi3516ev200/built-in.o
                0x40820c94                ddr_cmd_site_save
 .text.ddr_cmd_site_restore
                0x40820cf8       0x38 drivers/ddr/hisilicon/hi3516ev200/built-in.o
                0x40820cf8                ddr_cmd_site_restore
 .text.ddr_cmd_result_display
                0x40820d30      0x7a8 drivers/ddr/hisilicon/hi3516ev200/built-in.o
                0x40820d30                ddr_cmd_result_display
 .text.ddr_reg_result_display_by_rank
                0x408214d8       0xc8 drivers/ddr/hisilicon/hi3516ev200/built-in.o
                0x408214d8                ddr_reg_result_display_by_rank
 .text.ddr_reg_result_display_by_phy
                0x408215a0       0x9c drivers/ddr/hisilicon/hi3516ev200/built-in.o
                0x408215a0                ddr_reg_result_display_by_phy
 .text.ddr_reg_result_display
                0x4082163c       0x3c drivers/ddr/hisilicon/hi3516ev200/built-in.o
                0x4082163c                ddr_reg_result_display
 .text.ddr_cmd_get_entry
                0x40821678       0xd0 drivers/ddr/hisilicon/hi3516ev200/built-in.o
                0x40821678                ddr_cmd_get_entry
 .text.ddr_cmd_training_if
                0x40821748       0x4c drivers/ddr/hisilicon/hi3516ev200/built-in.o
                0x40821748                ddr_cmd_training_if
 .text.cmd_ddr_set_log_level
                0x40821794      0x114 drivers/ddr/hisilicon/hi3516ev200/built-in.o
                0x40821794                cmd_ddr_set_log_level
 .text.do_ddr_training
                0x408218a8      0x360 drivers/ddr/hisilicon/hi3516ev200/built-in.o
 .text.find_mmc_device
                0x40821c08       0x4c drivers/mmc/built-in.o
                0x40821c08                find_mmc_device
 .text.mmc_select_hwpartp
                0x40821c54       0x54 drivers/mmc/built-in.o
 .text.mmc_get_dev
                0x40821ca8       0x30 drivers/mmc/built-in.o
 .text.mmc_get_blk_desc
                0x40821cd8        0x8 drivers/mmc/built-in.o
                0x40821cd8                mmc_get_blk_desc
 .text.get_mmc_num
                0x40821ce0       0x10 drivers/mmc/built-in.o
                0x40821ce0                get_mmc_num
 .text.mmc_do_preinit
                0x40821cf0       0x3c drivers/mmc/built-in.o
                0x40821cf0                mmc_do_preinit
 .text.mmc_list_init
                0x40821d2c       0x24 drivers/mmc/built-in.o
                0x40821d2c                mmc_list_init
 .text.print_mmc_devices
                0x40821d50       0xc0 drivers/mmc/built-in.o
                0x40821d50                print_mmc_devices
 .text.mmc_set_ios
                0x40821e10       0x18 drivers/mmc/built-in.o
 .text.mmc_set_capacity
                0x40821e28       0xb0 drivers/mmc/built-in.o
 .text.board_mmc_getwp
                0x40821ed8        0x8 drivers/mmc/built-in.o
                0x40821ed8                board_mmc_getwp
 .text.mmc_getwp
                0x40821ee0       0x3c drivers/mmc/built-in.o
                0x40821ee0                mmc_getwp
 .text.board_mmc_getcd
                0x40821f1c        0x8 drivers/mmc/built-in.o
                0x40821f1c                board_mmc_getcd
 .text.mmc_send_cmd
                0x40821f24       0x10 drivers/mmc/built-in.o
                0x40821f24                mmc_send_cmd
 .text.mmc_go_idle
                0x40821f34       0x4c drivers/mmc/built-in.o
 .text.mmc_send_op_cond_iter
                0x40821f80       0x78 drivers/mmc/built-in.o
 .text.mmc_switch_status
                0x40821ff8       0x74 drivers/mmc/built-in.o
 .text.mmc_send_status
                0x4082206c       0xcc drivers/mmc/built-in.o
                0x4082206c                mmc_send_status
 .text.__mmc_switch
                0x40822138       0xb8 drivers/mmc/built-in.o
 .text.mmc_send_ext_csd
                0x408221f0       0x4c drivers/mmc/built-in.o
                0x408221f0                mmc_send_ext_csd
 .text.mmc_switch
                0x4082223c       0x18 drivers/mmc/built-in.o
                0x4082223c                mmc_switch
 .text.mmc_switch_part
                0x40822254       0x64 drivers/mmc/built-in.o
                0x40822254                mmc_switch_part
 .text.mmc_hwpart_config
                0x408222b8      0x434 drivers/mmc/built-in.o
                0x408222b8                mmc_hwpart_config
 .text.mmc_getcd
                0x408226ec       0x3c drivers/mmc/built-in.o
                0x408226ec                mmc_getcd
 .text.mmc_set_clock
                0x40822728       0x24 drivers/mmc/built-in.o
                0x40822728                mmc_set_clock
 .text.mmc_startup
                0x4082274c     0x1144 drivers/mmc/built-in.o
 .text.board_mmc_power_init
                0x40823890        0x4 drivers/mmc/built-in.o
                0x40823890                board_mmc_power_init
 .text.mmc_start_init
                0x40823894      0x264 drivers/mmc/built-in.o
                0x40823894                mmc_start_init
 .text.mmc_init
                0x40823af8       0xfc drivers/mmc/built-in.o
                0x40823af8                mmc_init
 .text.mmc_set_dsr
                0x40823bf4        0xc drivers/mmc/built-in.o
                0x40823bf4                mmc_set_dsr
 .text.cpu_mmc_init
                0x40823c00        0x8 drivers/mmc/built-in.o
                0x40823c00                cpu_mmc_init
 .text.mmc_initialize
                0x40823c08       0x5c drivers/mmc/built-in.o
                0x40823c08                mmc_initialize
 .text.mmc_boot_partition_size_change
                0x40823c64       0xc4 drivers/mmc/built-in.o
                0x40823c64                mmc_boot_partition_size_change
 .text.mmc_set_boot_bus_width
                0x40823d28       0x18 drivers/mmc/built-in.o
                0x40823d28                mmc_set_boot_bus_width
 .text.mmc_set_part_conf
                0x40823d40       0x18 drivers/mmc/built-in.o
                0x40823d40                mmc_set_part_conf
 .text.mmc_set_rst_n_function
                0x40823d58       0x10 drivers/mmc/built-in.o
                0x40823d58                mmc_set_rst_n_function
 .text.mtd_erase
                0x40823d68       0x84 drivers/mtd/built-in.o
                0x40823d68                mtd_erase
 .text.mtd_read
                0x40823dec       0xa4 drivers/mtd/built-in.o
                0x40823dec                mtd_read
 .text.mtd_write
                0x40823e90       0x9c drivers/mtd/built-in.o
                0x40823e90                mtd_write
 .text.mtd_read_oob
                0x40823f2c       0x60 drivers/mtd/built-in.o
                0x40823f2c                mtd_read_oob
 .text.mtd_block_isbad
                0x40823f8c       0x50 drivers/mtd/built-in.o
                0x40823f8c                mtd_block_isbad
 .text.mtd_block_markbad
                0x40823fdc       0x64 drivers/mtd/built-in.o
                0x40823fdc                mtd_block_markbad
 .text.mtd_arg_off
                0x40824040       0x68 drivers/mtd/built-in.o
                0x40824040                mtd_arg_off
 .text.mtd_arg_off_size
                0x408240a8      0x118 drivers/mtd/built-in.o
                0x408240a8                mtd_arg_off_size
 .text.part_erase
                0x408241c0       0x70 drivers/mtd/built-in.o
 .text.mtd_erase_callback
                0x40824230       0x80 drivers/mtd/built-in.o
                0x40824230                mtd_erase_callback
 .text.hifmc_ip_ver_check
                0x408242b0       0x4c drivers/mtd/built-in.o
                0x408242b0                hifmc_ip_ver_check
 .text.hifmc_dev_type_switch
                0x408242fc       0x98 drivers/mtd/built-in.o
                0x408242fc                hifmc_dev_type_switch
 .text.debug_register_dump
                0x40824394       0x68 drivers/mtd/built-in.o
                0x40824394                debug_register_dump
 .text.hifmc_set_fmc_system_clock
                0x408243fc       0xf0 drivers/mtd/built-in.o
                0x408243fc                hifmc_set_fmc_system_clock
 .text.hifmc_get_fmc_best_2x_clock
                0x408244ec       0x68 drivers/mtd/built-in.o
                0x408244ec                hifmc_get_fmc_best_2x_clock
 .text.nand_register
                0x40824554       0x88 drivers/mtd/nand/built-in.o
                0x40824554                nand_register
 .text.nand_init
                0x408245dc       0x64 drivers/mtd/nand/built-in.o
                0x408245dc                nand_init
 .text.verify_bbt_descr
                0x40824640      0x1b4 drivers/mtd/nand/built-in.o
 .text.create_bbt
                0x408247f4      0x1fc drivers/mtd/nand/built-in.o
 .text.scan_read
                0x408249f0       0xfc drivers/mtd/nand/built-in.o
 .text.read_bbt
                0x40824aec      0x1d8 drivers/mtd/nand/built-in.o
 .text.write_bbt
                0x40824cc4      0x5b8 drivers/mtd/nand/built-in.o
 .text.nand_update_bbt
                0x4082527c      0x118 drivers/mtd/nand/built-in.o
 .text.mark_bbt_region
                0x40825394      0x16c drivers/mtd/nand/built-in.o
 .text.search_bbt
                0x40825500      0x188 drivers/mtd/nand/built-in.o
 .text.read_abs_bbt
                0x40825688       0xc0 drivers/mtd/nand/built-in.o
 .text.nand_default_bbt
                0x40825748      0x584 drivers/mtd/nand/built-in.o
                0x40825748                nand_default_bbt
 .text.nand_isreserved_bbt
                0x40825ccc       0x40 drivers/mtd/nand/built-in.o
                0x40825ccc                nand_isreserved_bbt
 .text.nand_isbad_bbt
                0x40825d0c       0x4c drivers/mtd/nand/built-in.o
                0x40825d0c                nand_isbad_bbt
 .text.nand_markbad_bbt
                0x40825d58       0x5c drivers/mtd/nand/built-in.o
                0x40825d58                nand_markbad_bbt
 .text.check_skip_len
                0x40825db4       0xac drivers/mtd/nand/built-in.o
 .text.nand_erase_opts
                0x40825e60      0x350 drivers/mtd/nand/built-in.o
                0x40825e60                nand_erase_opts
 .text.nand_verify_page_oob
                0x408261b0       0xc0 drivers/mtd/nand/built-in.o
                0x408261b0                nand_verify_page_oob
 .text.nand_verify
                0x40826270       0xec drivers/mtd/nand/built-in.o
                0x40826270                nand_verify
 .text.nand_write_skip_bad
                0x4082635c      0x2c0 drivers/mtd/nand/built-in.o
                0x4082635c                nand_write_skip_bad
 .text.nand_read_skip_bad
                0x4082661c      0x258 drivers/mtd/nand/built-in.o
                0x4082661c                nand_read_skip_bad
 .text.nand_write_yaffs_skip_bad
                0x40826874      0x41c drivers/mtd/nand/built-in.o
                0x40826874                nand_write_yaffs_skip_bad
 .text.nand_fill_ecc
                0x40826c90       0x80 drivers/mtd/nand/built-in.o
                0x40826c90                nand_fill_ecc
 .text.nand_read_yaffs_skip_bad
                0x40826d10      0x3e4 drivers/mtd/nand/built-in.o
                0x40826d10                nand_read_yaffs_skip_bad
 .text.nand_calculate_ecc
                0x408270f4      0x124 drivers/mtd/nand/built-in.o
                0x408270f4                nand_calculate_ecc
 .text.nand_correct_data
                0x40827218      0x120 drivers/mtd/nand/built-in.o
                0x40827218                nand_correct_data
 .text.nand_release_device
                0x40827338        0xc drivers/mtd/nand/built-in.o
 .text.nand_read_byte
                0x40827344       0x14 drivers/mtd/nand/built-in.o
                0x40827344                nand_read_byte
 .text.nand_read_byte16
                0x40827358       0x18 drivers/mtd/nand/built-in.o
 .text.nand_read_word
                0x40827370       0x14 drivers/mtd/nand/built-in.o
 .text.nand_write_byte
                0x40827384       0x24 drivers/mtd/nand/built-in.o
 .text.nand_write_byte16
                0x408273a8       0x24 drivers/mtd/nand/built-in.o
 .text.nand_write_buf
                0x408273cc       0x28 drivers/mtd/nand/built-in.o
                0x408273cc                nand_write_buf
 .text.nand_read_buf
                0x408273f4       0x2c drivers/mtd/nand/built-in.o
                0x408273f4                nand_read_buf
 .text.nand_write_buf16
                0x40827420       0x30 drivers/mtd/nand/built-in.o
                0x40827420                nand_write_buf16
 .text.nand_read_buf16
                0x40827450       0x34 drivers/mtd/nand/built-in.o
                0x40827450                nand_read_buf16
 .text.nand_read_page_raw_syndrome
                0x40827484       0xd4 drivers/mtd/nand/built-in.o
 .text.nand_read_page_swecc
                0x40827558      0x138 drivers/mtd/nand/built-in.o
 .text.nand_read_oob_std
                0x40827690       0x3c drivers/mtd/nand/built-in.o
 .text.nand_read_oob_syndrome
                0x408276cc      0x104 drivers/mtd/nand/built-in.o
 .text.nand_write_oob_std
                0x408277d0       0x70 drivers/mtd/nand/built-in.o
 .text.nand_write_oob_syndrome
                0x40827840      0x190 drivers/mtd/nand/built-in.o
 .text.nand_write_page_raw_syndrome
                0x408279d0       0xd4 drivers/mtd/nand/built-in.o
 .text.nand_write_page_swecc
                0x40827aa4       0xcc drivers/mtd/nand/built-in.o
 .text.nand_write_page_hwecc
                0x40827b70       0xd0 drivers/mtd/nand/built-in.o
 .text.nand_write_page_syndrome
                0x40827c40       0xf4 drivers/mtd/nand/built-in.o
 .text.single_erase
                0x40827d34       0x48 drivers/mtd/nand/built-in.o
 .text.nand_sync
                0x40827d7c        0xc drivers/mtd/nand/built-in.o
 .text.nand_onfi_set_features
                0x40827d88       0x5c drivers/mtd/nand/built-in.o
 .text.nand_onfi_get_features
                0x40827de4       0x44 drivers/mtd/nand/built-in.o
 .text.nand_set_defaults
                0x40827e28      0x18c drivers/mtd/nand/built-in.o
 .text.nand_write_subpage_hwecc
                0x40827fb4      0x18c drivers/mtd/nand/built-in.o
 .text.nand_check_erased_buf
                0x40828140      0x14c drivers/mtd/nand/built-in.o
 .text.nand_block_bad
                0x4082828c      0x150 drivers/mtd/nand/built-in.o
 .text.nand_write_page
                0x408283dc      0x13c drivers/mtd/nand/built-in.o
 .text.nand_wait
                0x40828518       0xb4 drivers/mtd/nand/built-in.o
 .text.unlikely.sanitize_string
                0x408285cc       0x3c drivers/mtd/nand/built-in.o
 .text.nand_block_isreserved
                0x40828608       0x18 drivers/mtd/nand/built-in.o
 .text.nand_check_wp
                0x40828620       0x4c drivers/mtd/nand/built-in.o
 .text.nand_read_page_raw
                0x4082866c       0x44 drivers/mtd/nand/built-in.o
 .text.nand_write_page_raw
                0x408286b0       0x44 drivers/mtd/nand/built-in.o
 .text.nand_block_checkbad
                0x408286f4       0x74 drivers/mtd/nand/built-in.o
 .text.nand_block_isbad
                0x40828768       0x78 drivers/mtd/nand/built-in.o
 .text.nand_select_chip
                0x408287e0       0x4c drivers/mtd/nand/built-in.o
 .text.nand_fill_oob
                0x4082882c      0x114 drivers/mtd/nand/built-in.o
 .text.nand_do_write_ops
                0x40828940      0x338 drivers/mtd/nand/built-in.o
 .text.nand_write
                0x40828c78       0x80 drivers/mtd/nand/built-in.o
 .text.nand_do_write_oob
                0x40828cf8      0x1ac drivers/mtd/nand/built-in.o
 .text.nand_default_block_markbad
                0x40828ea4       0xe0 drivers/mtd/nand/built-in.o
 .text.nand_write_oob
                0x40828f84       0x9c drivers/mtd/nand/built-in.o
 .text.nand_transfer_oob
                0x40829020      0x100 drivers/mtd/nand/built-in.o
 .text.panic_nand_write
                0x40829120       0xc0 drivers/mtd/nand/built-in.o
 .text.nand_wait_status_ready.constprop.16
                0x408291e0       0x40 drivers/mtd/nand/built-in.o
 .text.nand_wait_ready
                0x40829220       0x50 drivers/mtd/nand/built-in.o
                0x40829220                nand_wait_ready
 .text.nand_command
                0x40829270      0x1d8 drivers/mtd/nand/built-in.o
 .text.nand_command_lp
                0x40829448      0x248 drivers/mtd/nand/built-in.o
 .text.nand_do_read_ops
                0x40829690      0x474 drivers/mtd/nand/built-in.o
 .text.nand_read_oob
                0x40829b04      0x29c drivers/mtd/nand/built-in.o
 .text.nand_read
                0x40829da0       0x80 drivers/mtd/nand/built-in.o
 .text.nand_check_erased_ecc_chunk
                0x40829e20       0xbc drivers/mtd/nand/built-in.o
                0x40829e20                nand_check_erased_ecc_chunk
 .text.nand_read_page_syndrome
                0x40829edc      0x1b4 drivers/mtd/nand/built-in.o
 .text.nand_read_subpage
                0x4082a090      0x2c8 drivers/mtd/nand/built-in.o
 .text.nand_read_page_hwecc
                0x4082a358      0x1a4 drivers/mtd/nand/built-in.o
 .text.nand_read_page_hwecc_oob_first
                0x4082a4fc      0x18c drivers/mtd/nand/built-in.o
 .text.nand_erase_nand
                0x4082a688      0x254 drivers/mtd/nand/built-in.o
                0x4082a688                nand_erase_nand
 .text.nand_block_markbad
                0x4082a8dc       0xd8 drivers/mtd/nand/built-in.o
 .text.nand_erase
                0x4082a9b4        0x8 drivers/mtd/nand/built-in.o
 .text.get_nand_info
                0x4082a9bc        0xc drivers/mtd/nand/built-in.o
                0x4082a9bc                get_nand_info
 .text.nand_scan_ident
                0x4082a9c8      0xdd4 drivers/mtd/nand/built-in.o
                0x4082a9c8                nand_scan_ident
 .text.nand_scan_tail
                0x4082b79c      0x5e4 drivers/mtd/nand/built-in.o
                0x4082b79c                nand_scan_tail
 .text.nand_scan
                0x4082bd80       0x24 drivers/mtd/nand/built-in.o
                0x4082bd80                nand_scan
 .text.nand_ecc_name
                0x4082bda4       0x1c drivers/mtd/nand/built-in.o
                0x4082bda4                nand_ecc_name
 .text.match_ecc_type_to_yaffs
                0x4082bdc0       0x24 drivers/mtd/nand/built-in.o
                0x4082bdc0                match_ecc_type_to_yaffs
 .text.match_page_type_to_reg
                0x4082bde4       0x24 drivers/mtd/nand/built-in.o
                0x4082bde4                match_page_type_to_reg
 .text.match_ecc_type_to_reg
                0x4082be08       0x24 drivers/mtd/nand/built-in.o
                0x4082be08                match_ecc_type_to_reg
 .text.match_page_type_to_size