nand_bbt.c:1021:13:verify_bbt_descr	24	static
nand_bbt.c:452:12:create_bbt	88	static
nand_bbt.c:342:12:scan_read	80	static
nand_bbt.c:169:12:read_bbt	88	static
nand_bbt.c:615:12:write_bbt	240	static
nand_bbt.c:1146:12:nand_update_bbt	40	static
nand_bbt.c:961:13:mark_bbt_region	32	static
nand_bbt.c:522:12:search_bbt	56	static
nand_bbt.c:262:12:read_abs_bbt	40	static
nand_bbt.c:1280:5:nand_default_bbt	72	static
nand_bbt.c:1316:5:nand_isreserved_bbt	8	static
nand_bbt.c:1331:5:nand_isbad_bbt	8	static
nand_bbt.c:1358:5:nand_markbad_bbt	16	static
