nand_base.c:133:13:nand_release_device	0	static
nand_base.c:147:9:nand_read_byte	0	static
nand_base.c:160:16:nand_read_byte16	0	static
nand_base.c:172:12:nand_read_word	0	static
nand_base.c:208:13:nand_write_byte	16	static
nand_base.c:222:13:nand_write_byte16	16	static
nand_base.c:289:6:nand_write_buf	0	static
nand_base.c:304:6:nand_read_buf	0	static
nand_base.c:319:6:nand_write_buf16	0	static
nand_base.c:335:6:nand_read_buf16	0	static
nand_base.c:1062:12:nand_read_page_raw_syndrome	32	static
nand_base.c:1104:12:nand_read_page_swecc	56	static
nand_base.c:1720:12:nand_read_oob_std	16	static
nand_base.c:1735:12:nand_read_oob_syndrome	48	static
nand_base.c:1771:12:nand_write_oob_std	24	static
nand_base.c:1795:12:nand_write_oob_syndrome	64	static
nand_base.c:2020:12:nand_write_page_raw_syndrome	32	static
nand_base.c:2062:12:nand_write_page_swecc	48	static
nand_base.c:2091:12:nand_write_page_hwecc	40	static
nand_base.c:2190:12:nand_write_page_syndrome	32	static
nand_base.c:2674:12:single_erase	16	static
nand_base.c:2819:13:nand_sync	0	static
nand_base.c:2879:12:nand_onfi_set_features	24	static
nand_base.c:2909:12:nand_onfi_get_features	24	static
nand_base.c:2928:13:nand_set_defaults	0	static
nand_base.c:2127:12:nand_write_subpage_hwecc	56	static
nand_base.c:925:12:nand_check_erased_buf	20	static
nand_base.c:350:12:nand_block_bad	24	static
nand_base.c:2241:12:nand_write_page	48	static
nand_base.c:868:12:nand_wait	16	static
nand_base.c:2978:13:sanitize_string	0	static
nand_base.c:508:12:nand_block_isreserved	0	static
nand_base.c:488:12:nand_check_wp	16	static
nand_base.c:1043:12:nand_read_page_raw	16	static
nand_base.c:2000:12:nand_write_page_raw	16	static
nand_base.c:527:12:nand_block_checkbad	24	static
nand_base.c:2834:12:nand_block_isbad	32	static
nand_base.c:185:13:nand_select_chip	8	static
nand_base.c:2303:17:nand_fill_oob	24	static
nand_base.c:2362:12:nand_do_write_ops	96	static
nand_base.c:2525:12:nand_write	64	static
nand_base.c:2550:12:nand_do_write_oob	56	static
nand_base.c:397:12:nand_default_block_markbad	80	static
nand_base.c:2631:12:nand_write_oob	40	static
nand_base.c:1440:17:nand_transfer_oob	24	static
nand_base.c:2491:12:panic_nand_write	64	static
nand_base.c:576:13:nand_wait_status_ready.constprop	16	static
nand_base.c:550:6:nand_wait_ready	16	static
nand_base.c:600:13:nand_command	24	static
nand_base.c:703:13:nand_command_lp	24	static
nand_base.c:1513:12:nand_do_read_ops	104	static
nand_base.c:1953:12:nand_read_oob	64	static
nand_base.c:1697:12:nand_read	64	static
nand_base.c:995:5:nand_check_erased_ecc_chunk	32	static
nand_base.c:1374:12:nand_read_page_syndrome	64	static
nand_base.c:1150:12:nand_read_subpage	64	static
nand_base.c:1254:12:nand_read_page_hwecc	64	static
nand_base.c:1316:12:nand_read_page_hwecc_oob_first	56	static
nand_base.c:2704:5:nand_erase_nand	56	static
nand_base.c:2857:12:nand_block_markbad	96	static
nand_base.c:2691:12:nand_erase	0	static
nand_base.c:3601:21:get_nand_info	0	static
nand_base.c:3880:5:nand_scan_ident	56	static
nand_base.c:3993:5:nand_scan_tail	24	static
nand_base.c:4285:5:nand_scan	8	static
