mmc.c:1157:13:mmc_set_ios	0	static
mmc.c:678:12:mmc_set_capacity	24	static
mmc.c:64:12:board_mmc_getwp	0	static
mmc.c:69:5:mmc_getwp	8	static
mmc.c:85:12:board_mmc_getcd	0	static
mmc.c:160:5:mmc_send_cmd	0	static
mmc.c:324:12:mmc_go_idle	40	static
mmc.c:413:12:mmc_send_op_cond_iter	40	static
mmc.c:1212:12:mmc_switch_status	48	static
mmc.c:172:5:mmc_send_status	56	static
mmc.c:567:12:__mmc_switch	48	static
mmc.c:216:5:mmc_set_blocklen	40	static
mmc.c:274:7:mmc_bread	80	static
mmc.c:502:5:mmc_send_ext_csd	56	static
mmc.c:523:5:mmc_send_tuning	656	static
mmc.c:600:5:mmc_switch	16	static
mmc.c:706:5:mmc_switch_part	24	static
mmc.c:726:5:mmc_hwpart_config	640	static
mmc.c:921:5:mmc_getcd	8	static
mmc.c:1164:6:mmc_set_clock	0	static
mmc.c:1359:12:mmc_startup	1456	static
mmc.c:1884:13:board_mmc_power_init	0	static
mmc.c:1913:5:mmc_start_init	56	static
mmc.c:2004:5:mmc_init	16	static
mmc.c:2027:5:mmc_set_dsr	0	static
mmc.c:2034:12:cpu_mmc_init	0	static
mmc.c:2040:12:board_mmc_init	0	static
mmc.c:2045:6:mmc_set_preinit	0	static
mmc.c:2094:5:mmc_initialize	8	static
