fs.c:27:19:fs_probe_unsupported	8	static
fs.c:39:19:fs_exists_unsupported	0	static
fs.c:44:19:fs_size_unsupported	0	static
fs.c:56:19:fs_write_unsupported	0	static
fs.c:63:20:fs_close_unsupported	0	static
fs.c:67:19:fs_uuid_unsupported	0	static
fs.c:181:28:fs_get_info	0	static
fs.c:238:13:fs_close	8	static
fs.c:49:19:fs_read_unsupported	0	static
fs.c:34:19:fs_ls_unsupported	0	static
fs.c:195:5:fs_set_blk_dev	32	static
fs.c:247:5:fs_uuid	8	static
fs.c:254:5:fs_ls	16	static
fs.c:268:5:fs_exists	8	static
fs.c:281:5:fs_size	16	static
fs.c:294:5:fs_read	48	static
fs.c:317:5:fs_write	48	static
fs.c:337:5:do_size	24	static
fs.c:356:5:do_load	72	static
fs.c:426:5:do_ls	16	static
fs.c:443:5:file_exists	8	static
fs.c:452:5:do_save	64	static
fs.c:494:5:do_fs_uuid	56	static
fs.c:519:5:do_fs_type	16	static
