string.c:30:5:strncasecmp	8	static
string.c:60:5:strcasecmp	0	static
string.c:73:8:strcpy	0	static
string.c:94:8:strncpy	0	static
string.c:136:8:strcat	0	static
string.c:159:8:strncat	4	static
string.c:184:5:strcmp	0	static
string.c:204:5:strncmp	0	static
string.c:224:8:strchr	0	static
string.c:255:8:strlen	0	static
string.c:239:8:strrchr	16	static
string.c:271:8:strnlen	0	static
string.c:282:8:strdup	16	static
string.c:303:8:strspn	8	static
string.c:329:8:strpbrk	4	static
string.c:351:8:strtok	16	static
string.c:384:8:strsep	16	static
string.c:408:7:strswab	0	static
string.c:437:8:memset	4	static
string.c:474:8:memcpy	4	static
string.c:117:8:strlcpy	24	static
string.c:508:8:memmove	0	static
string.c:539:5:memcmp	0	static
string.c:561:8:memscan	0	static
string.c:581:8:strstr	32	static
string.c:609:7:memchr	0	static
string.c:641:7:memchr_inv	20	static
