vsprintf.c:47:14:put_dec_trunc	16	static
vsprintf.c:253:14:string	24	static
vsprintf.c:125:23:put_dec	48	static
vsprintf.c:154:14:number	128	static
vsprintf.c:422:12:vsnprintf_internal	120	static
vsprintf.c:616:5:vsnprintf	0	static
vsprintf.c:622:5:vscnprintf	8	static
vsprintf.c:635:5:snprintf	16	static
vsprintf.c:647:5:scnprintf	16	static
vsprintf.c:672:5:vsprintf	0	static
vsprintf.c:677:5:sprintf	12	static
vsprintf.c:688:5:printf	1072	static
vsprintf.c:708:5:vprintf	1064	static
vsprintf.c:725:6:__assert_fail	16	static
vsprintf.c:733:7:simple_itoa	24	static
vsprintf.c:748:6:print_grouped_ull	48	static
vsprintf.c:763:6:str2off	24	static
vsprintf.c:771:6:str2long	24	static
vsprintf.c:779:7:ultohstr	48	static
