fdt_ro.c:148:20:fdt_path_next_separator	16	static
fdt_ro.c:93:12:_nextprop	24	static
fdt_ro.c:37:13:fdt_string	0	static
fdt_ro.c:76:5:fdt_get_mem_rsv	24	static
fdt_ro.c:84:5:fdt_num_mem_rsv	12	static
fdt_ro.c:117:5:fdt_subnode_offset_namelen	40	static
fdt_ro.c:136:5:fdt_subnode_offset	16	static
fdt_ro.c:212:13:fdt_get_name	24	static
fdt_ro.c:232:5:fdt_first_property_offset	8	static
fdt_ro.c:242:5:fdt_next_property_offset	8	static
fdt_ro.c:250:28:fdt_get_property_by_offset	16	static
fdt_ro.c:271:28:fdt_get_property_namelen	40	static
fdt_ro.c:295:28:fdt_get_property	32	static
fdt_ro.c:303:13:fdt_getprop_namelen	16	static
fdt_ro.c:315:13:fdt_getprop_by_offset	16	static
fdt_ro.c:328:13:fdt_getprop	32	static
fdt_ro.c:334:10:fdt_get_phandle	24	static
fdt_ro.c:50:10:fdt_get_max_phandle	24	static
fdt_ro.c:351:13:fdt_get_alias_namelen	24	static
fdt_ro.c:161:5:fdt_path_offset_namelen	24	static
fdt_ro.c:207:5:fdt_path_offset	16	static
fdt_ro.c:363:13:fdt_get_alias	16	static
fdt_ro.c:368:5:fdt_get_path	48	static
fdt_ro.c:420:5:fdt_supernode_atdepth_offset	40	static
fdt_ro.c:456:5:fdt_node_depth	16	static
fdt_ro.c:467:5:fdt_parent_offset	16	static
fdt_ro.c:477:5:fdt_node_offset_by_prop_value	40	static
fdt_ro.c:504:5:fdt_node_offset_by_phandle	16	static
fdt_ro.c:529:5:fdt_stringlist_contains	24	static
fdt_ro.c:546:5:fdt_stringlist_count	24	static
fdt_ro.c:571:5:fdt_stringlist_search	32	static
fdt_ro.c:601:13:fdt_stringlist_get	32	static
fdt_ro.c:646:5:fdt_node_check_compatible	16	static
fdt_ro.c:659:5:fdt_node_offset_by_compatible	24	static
