mmc.c:827:12:do_mmcops	32	static
mmc.c:124:20:init_mmc_device	16	static
mmc.c:428:12:do_mmc_rescan	8	static
mmc.c:741:12:do_mmc_rst_func	16	static
mmc.c:714:12:do_mmc_partconf	24	static
mmc.c:683:12:do_mmc_boot_resize	24	static
mmc.c:657:12:do_mmc_bootbus	24	static
mmc.c:574:12:do_mmc_hwpartition	96	static
mmc.c:499:12:do_mmc_list	8	static
mmc.c:458:12:do_mmc_dev	24	static
mmc.c:439:12:do_mmc_part	8	static
mmc.c:400:12:do_mmc_erase	24	static
mmc.c:357:12:do_mmc_write	48	static
mmc.c:326:12:do_mmc_read	24	static
mmc.c:89:12:print_mmcreg	624	static
mmc.c:159:12:do_mmcreg	8	static
mmc.c:139:12:do_mmcinfo	40	static
mmc.c:776:12:do_mmc_setdsr	16	static
