nvedit.c:786:12:do_env_delete	24	static
nvedit.c:1102:12:do_env_exists	48	static
nvedit.c:708:12:do_env_save	8	static
nvedit.c:1169:12:do_env	24	static
nvedit.c:87:12:env_print	56	static
nvedit.c:118:12:do_env_print	24	static
nvedit.c:989:12:do_env_import	56	static
nvedit.c:749:12:do_env_default	8	static
nvedit.c:215:12:_do_env_set.isra.0	72	static
nvedit.c:348:12:do_env_set	0	static
nvedit.c:76:5:get_env_id	0	static
nvedit.c:288:5:setenv	24	static
nvedit.c:309:5:setenv_ulong	8	static
nvedit.c:324:5:setenv_hex	32	static
nvedit.c:868:12:do_env_export	96	static
nvedit.c:732:5:envmatch	24	static
nvedit.c:651:5:getenv_f	32	static
nvedit.c:627:7:getenv	48	static
nvedit.c:332:7:getenv_hex	24	static
nvedit.c:695:7:getenv_ulong	16	static
nvedit.c:585:12:do_env_edit.part.2	1056	static
nvedit.c:585:12:do_env_edit	0	static
