part_efi.c:50:14:print_efiname	4	static
part_efi.c:299:12:part_test_efi	24	dynamic
part_efi.c:317:12:set_protective_mbr	600	static
part_efi.c:136:12:validate_gpt_entries	8	static
part_efi.c:73:12:validate_gpt_header	48	static
part_efi.c:817:12:is_gpt_valid	32	static
part_efi.c:908:12:is_pte_valid	24	static
part_efi.c:179:6:part_print_efi	112	dynamic
part_efi.c:236:5:part_get_info_efi	48	dynamic
part_efi.c:343:5:write_gpt_table	32	static
part_efi.c:391:5:gpt_fill_pte	56	static
part_efi.c:494:5:gpt_fill_header	8	static
part_efi.c:516:5:gpt_restore	32	static
part_efi.c:572:5:gpt_verify_headers	24	static
part_efi.c:596:5:gpt_verify_partitions	112	static
part_efi.c:674:5:is_valid_gpt_buf	16	static
part_efi.c:695:5:write_mbr_and_gpt_partitions	56	static
