common.h:285:19:print_cpuinfo	0	static
board_f.c:206:12:show_dram_config	0	static
board_f.c:274:12:setup_mon_len	0	static
board_f.c:428:12:reserve_round_4k	0	static
board_f.c:436:12:reserve_mmu	0	static
board_f.c:518:12:reserve_uboot	0	static
board_f.c:541:12:reserve_malloc	0	static
board_f.c:571:12:reserve_global_data	0	static
board_f.c:580:12:reserve_fdt	0	static
board_f.c:816:12:initf_console_record	0	static
board_f.c:849:12:arch_cpu_init_dm	0	static
board_f.c:145:12:init_baud_rate	8	static
board_f.c:808:12:mark_bootstage	8	static
board_f.c:825:12:initf_dm	0	static
board_f.c:732:12:reloc_fdt	8	static
board_f.c:746:12:setup_reloc	8	static
board_f.c:550:12:reserve_board	8	static
board_f.c:844:12:reserve_arch	0	static
board_f.c:152:12:display_text_info	0	static
board_f.c:180:12:announce_dram_init	0	static
board_f.c:292:12:arch_cpu_init	0	static
board_f.c:297:12:mach_cpu_init	0	static
board_f.c:506:12:reserve_trace	0	static
board_f.c:563:12:setup_machine	0	static
board_f.c:619:12:display_new_sp	0	static
board_f.c:91:13:coloured_LED_init	0	static
board_f.c:92:13:red_led_on	0	static
board_f.c:93:13:red_led_off	0	static
board_f.c:94:13:green_led_on	0	static
board_f.c:95:13:green_led_off	0	static
board_f.c:96:13:yellow_led_on	0	static
board_f.c:97:13:yellow_led_off	0	static
board_f.c:98:13:blue_led_on	0	static
board_f.c:99:13:blue_led_off	0	static
board_f.c:140:13:board_add_ram_info	0	static
board_f.c:234:13:dram_init_banksize	8	static
board_f.c:724:12:setup_dram_config	8	static
board_f.c:315:14:board_get_usable_ram_top	0	static
board_f.c:332:20:board_reserve_ram_top	0	static
board_f.c:341:12:setup_dest_addr	8	static
board_f.c:601:5:arch_reserve_stacks	0	static
board_f.c:606:12:reserve_stacks	0	static
board_f.c:1080:6:board_init_f	8	static
