bootstage.h:345:19:bootstage_relocate	0	static
board_r.c:121:12:initr_reloc	0	static
board_r.c:148:12:initr_reloc_global_data	0	static
board_r.c:356:12:power_init_board	0	static
board_r.c:361:12:initr_announce	0	static
board_r.c:795:12:run_main_loop	8	static
board_r.c:787:12:initr_download	8	static
board_r.c:698:12:initr_net	8	static
board_r.c:612:12:initr_ethaddr	8	static
board_r.c:603:12:initr_enable_interrupts	8	static
board_r.c:584:12:initr_jumptable	8	static
board_r.c:536:12:initr_env	8	static
board_r.c:487:12:initr_mmc	8	static
board_r.c:468:12:initr_nand	8	static
board_r.c:457:12:initr_snor	8	static
board_r.c:195:12:initr_serial	8	static
board_r.c:348:12:initr_bootstage	8	static
board_r.c:325:12:initr_dm	0	static
board_r.c:292:12:initr_malloc	8	static
board_r.c:135:12:initr_caches	8	static
board_r.c:307:12:initr_console_record	0	static
board_r.c:112:12:initr_trace	0	static
board_r.c:283:12:initr_barrier	0	static
board_r.c:82:12:board_flash_wp_on	0	static
board_r.c:92:13:cpu_secondary_init_r	0	static
board_r.c:97:12:initr_secondary_cpu	8	static
board_r.c:143:12:fixup_cpu	0	static
board_r.c:1057:6:board_init_r	8	static
