cli_hush.c:894:13:b_reset	0	static
cli_hush.c:933:12:static_get	0	static
cli_hush.c:1138:12:file_peek	0	static
cli_hush.c:3154:13:mapset	0	static
cli_hush.c:379:13:syntax_err	0	static
cli_hush.c:2005:12:free_pipe_list	48	static
cli_hush.c:3337:14:xmalloc	8	static
cli_hush.c:2346:21:new_pipe	8	static
cli_hush.c:3348:14:xrealloc	8	static
cli_hush.c:2545:12:done_command	16	static
cli_hush.c:2594:12:done_pipe	16	static
cli_hush.c:2454:12:done_word	24	static
cli_hush.c:3671:12:do_showvar	40	static
cli_hush.c:2284:12:is_assignment	0	static
cli_hush.c:1095:12:file_get	32	static
cli_hush.c:884:12:b_addchr	16	static
cli_hush.c:912:12:b_addqchr	16	static
cli_hush.c:940:12:static_peek	0	static
cli_hush.c:2141:7:get_local_var	16	static
cli_hush.c:2163:5:set_local_var	32	static
cli_hush.c:3527:14:insert_var_value_sub	48	static
cli_hush.c:2254:6:unset_local_var	16	static
cli_hush.c:3262:5:parse_string_outer	48	static
cli_hush.c:1765:12:run_list_real	80	static
cli_hush.c:3188:12:parse_stream_outer	96	static
cli_hush.c:3293:5:parse_file_outer	32	static
cli_hush.c:3321:5:u_boot_hush_start	16	static
