console.c:103:12:console_setfile	16	static
console.c:463:6:putc	0	static
console.c:506:6:puts	0	static
console.c:272:5:serial_printf	1072	static
console.c:290:5:fgetc	0	static
console.c:363:5:getc	0	static
console.c:322:5:ftstc	0	static
console.c:391:5:tstc	0	static
console.c:330:6:fputc	0	static
console.c:336:6:fputs	0	static
console.c:342:5:fprintf	1076	static
console.c:580:5:ctrlc	8	static
console.c:601:5:confirm_yesno	16	static
console.c:628:5:disable_ctrlc	0	static
console.c:636:5:had_ctrlc	0	static
console.c:641:6:clear_ctrlc	0	static
console.c:648:19:search_device	8	static
console.c:664:5:console_assign	8	static
console.c:23:12:on_console	24	static
console.c:703:5:console_init_f	0	static
console.c:714:6:stdio_print_current_devices	8	static
console.c:837:5:console_init_r	16	static
console.c:912:6:print_to_hitool	1072	static
