hash.c:104:12:hash_finish_crc32	8	static
hash.c:97:12:hash_update_crc32	8	static
hash.c:89:12:hash_init_crc32	8	static
hash.c:77:12:hash_finish_sha256	8	static
hash.c:70:12:hash_update_sha256	8	static
hash.c:62:12:hash_init_sha256	16	static
hash.c:49:12:hash_finish_sha1	8	static
hash.c:42:12:hash_update_sha1	8	static
hash.c:34:12:hash_init_sha1	16	static
hash.c:196:5:hash_lookup_algo	32	static
hash.c:211:5:hash_progressive_lookup_algo	32	static
hash.c:230:5:hash_parse_string	32	static
hash.c:250:5:hash_block	32	static
hash.c:394:5:hash_command	144	static
