image-fit.c:680:12:fit_image_get_address	24	static
image-fit.c:76:5:fit_parse_conf	24	static
image-fit.c:102:5:fit_parse_subimage	24	static
image-fit.c:125:5:fit_get_subimage_count	24	static
image-fit.c:472:5:fit_get_desc	16	static
image-fit.c:500:5:fit_get_timestamp	16	static
image-fit.c:532:5:fit_image_get_node	16	static
image-fit.c:566:5:fit_image_get_os	16	static
image-fit.c:598:5:fit_image_get_arch	16	static
image-fit.c:630:5:fit_image_get_type	16	static
image-fit.c:662:5:fit_image_get_comp	16	static
image-fit.c:721:5:fit_image_get_load	0	static
image-fit.c:743:5:fit_image_get_entry	0	static
image-fit.c:763:5:fit_image_get_data	24	static
image-fit.c:792:5:fit_image_hash_get_algo	16	static
image-fit.c:820:5:fit_image_hash_get_value	24	static
image-fit.c:261:13:fit_image_print_data	48	static
image-fit.c:357:6:fit_image_print	64	static
image-fit.c:864:7:fit_get_end	0	static
image-fit.c:882:5:fit_set_timestamp	24	static
image-fit.c:918:5:calculate_hash	32	static
image-fit.c:1005:5:fit_image_verify	96	static
image-fit.c:1087:5:fit_all_image_verify	40	static
image-fit.c:1139:5:fit_image_check_os	16	static
image-fit.c:1161:5:fit_image_check_arch	16	static
image-fit.c:1184:5:fit_image_check_type	16	static
image-fit.c:1207:5:fit_image_check_comp	16	static
image-fit.c:1227:5:fit_check_format	8	static
image-fit.c:1292:5:fit_conf_find_compat	64	static
image-fit.c:1397:5:fit_conf_get_node	24	static
image-fit.c:1431:5:fit_conf_get_prop_node	16	static
image-fit.c:1457:6:fit_conf_print	48	static
image-fit.c:157:6:fit_print_contents	40	static
image-fit.c:1545:5:fit_get_node_from_config	16	static
image-fit.c:1603:5:fit_image_load	72	static
image-fit.c:1809:5:boot_get_setup_fit	56	static
