miiphyutil.c:39:17:miiphy_get_dev_by_name	16	static
miiphyutil.c:62:6:miiphy_init	0	static
miiphyutil.c:68:17:mdio_alloc	8	static
miiphyutil.c:84:6:mdio_free	0	static
miiphyutil.c:89:5:mdio_register	16	static
miiphyutil.c:110:5:mdio_unregister	0	static
miiphyutil.c:124:6:mdio_list_devices	40	static
miiphyutil.c:149:5:miiphy_set_current_dev	8	static
miiphyutil.c:199:24:miiphy_get_active_dev	16	static
miiphyutil.c:164:17:mdio_get_current_dev	0	static
miiphyutil.c:169:20:mdio_phydev_for_ethname	24	static
miiphyutil.c:191:13:miiphy_get_current_dev	0	static
miiphyutil.c:223:5:miiphy_read	24	static
miiphyutil.c:251:5:miiphy_write	24	static
miiphyutil.c:267:6:miiphy_listdev	16	static
miiphyutil.c:296:5:miiphy_info	32	static
miiphyutil.c:338:5:miiphy_reset	32	static
miiphyutil.c:381:5:miiphy_speed	24	static
miiphyutil.c:439:5:miiphy_duplex	24	static
miiphyutil.c:504:5:miiphy_is_1000base_x	0	static
miiphyutil.c:525:5:miiphy_link	24	static
