usb.c:327:1:usb_set_maxpacket_ep	4	static
usb.c:134:5:usb_stop	8	static
usb.c:157:5:usb_detect_change	32	static
usb.c:185:5:usb_disable_asynch	0	static
usb.c:203:5:usb_submit_int_msg	0	static
usb.c:218:5:usb_control_msg	168	static
usb.c:566:12:usb_get_descriptor	32	static
usb.c:931:12:get_descriptor_len	616	static
usb.c:732:12:usb_get_string	56	static
usb.c:768:12:usb_string_sub	32	static
usb.c:273:5:usb_bulk_msg	24	static
usb.c:306:5:usb_maxpacket	0	static
usb.c:537:5:usb_clear_halt	48	static
usb.c:578:5:usb_get_configuration_len	152	static
usb.c:601:5:usb_get_configuration_no	16	static
usb.c:631:5:usb_set_interface	40	static
usb.c:689:5:usb_set_protocol	32	static
usb.c:699:5:usb_set_idle	32	static
usb.c:709:5:usb_get_report	32	static
usb.c:721:5:usb_get_class_descriptor	32	static
usb.c:808:5:usb_string	600	static
usb.c:869:20:usb_get_dev_index	0	static
usb.c:877:5:usb_alloc_new_device	24	static
usb.c:903:6:usb_free_device	16	static
usb.c:917:12:usb_alloc_device	0	static
usb.c:1076:5:usb_select_config	64	static
usb.c:1159:5:usb_setup_device	48	static
usb.c:1185:5:usb_new_device	8	static
usb.c:60:5:usb_init	24	static
usb.c:1213:5:board_usb_init	0	static
usb.c:1219:5:board_usb_cleanup	0	static
usb.c:1224:6:usb_device_has_child_on_port	0	static
usb.c:1269:6:usb_find_usb2_hub_address_port	16	static
