usb3_drv.c:20:6:usb3_memset	0	static
usb3_drv.c:29:6:usb3_memcpy	0	static
usb3_drv.c:47:10:usb3_rd32	0	static
usb3_drv.c:52:6:usb3_wr32	0	static
usb3_drv.c:58:10:usb3_is_host_mode	0	static
usb3_drv.c:63:6:pcd_epinit	8	static
usb3_drv.c:142:6:usb3_set_address	0	static
usb3_drv.c:156:6:usb3_set_tx_fifo_size	8	static
usb3_drv.c:173:6:usb3_set_rx_fifo_size	0	static
usb3_drv.c:182:6:usb3_resume_usb2_phy	0	static
usb3_drv.c:191:6:usb3_resume_usb3_phy	0	static
usb3_drv.c:201:6:usb3_accept_u1	0	static
usb3_drv.c:210:6:usb3_accept_u2	0	static
usb3_drv.c:214:6:usb3_enable_u1	0	static
usb3_drv.c:223:6:usb3_enable_u2	0	static
usb3_drv.c:227:6:usb3_disable_u1	0	static
usb3_drv.c:231:6:usb3_disable_u2	0	static
usb3_drv.c:240:10:usb3_u1_enabled	0	static
usb3_drv.c:248:10:usb3_u2_enabled	0	static
usb3_drv.c:278:10:handshake	24	static
usb3_drv.c:256:6:usb3_dep_cstall	16	static
usb3_drv.c:267:6:usb3_dep_sstall	16	static
usb3_drv.c:297:6:usb3_fill_desc	8	static
usb3_drv.c:320:6:usb3_dep_startnewcfg	16	static
usb3_drv.c:333:6:usb3_dep_cfg	24	static
usb3_drv.c:354:6:usb3_dep_xfercfg	16	static
usb3_drv.c:369:9:usb3_dep_startxfer	24	static
usb3_drv.c:396:6:usb3_dep_updatexfer	16	static
usb3_drv.c:409:6:usb3_enable_ep	4	static
usb3_drv.c:430:6:usb3_dis_usb2_suspend	0	static
usb3_drv.c:443:6:usb3_ep0_activate	32	static
usb3_drv.c:489:6:usb3_ep_activate	24	static
usb3_drv.c:572:6:usb3_ep0_out_start	32	static
usb3_drv.c:596:6:usb3_core_dev_init	24	static
usb3_drv.c:675:6:usb3_pcd_init	8	static
usb3_drv.c:689:6:usb3_common_init	0	static
usb3_drv.c:702:6:usb3_init	0	static
usb3_drv.c:710:5:usb3_driver_init	16	static
usb3_drv.c:767:6:udc_connect	8	static
