usb3_pcd.c:1065:6:usb_tx_status_complete	0	static
usb3_pcd.c:1087:13:ep0_complete_request.isra.0	0	static
usb3_pcd.c:948:13:ep0_continue_transfer.isra.2	32	static
usb3_pcd.c:122:16:usb3_get_out_ep	0	static
usb3_pcd.c:131:16:usb3_get_in_ep	0	static
usb3_pcd.c:140:16:usb3_get_ep_by_addr	0	static
usb3_pcd.c:152:6:usb3_ep_clear_stall	0	static
usb3_pcd.c:166:10:usb3_get_device_speed	8	static
usb3_pcd.c:196:6:usb3_pcd_set_speed	0	static
usb3_pcd.c:226:6:usb3_ep_set_stall	0	static
usb3_pcd.c:239:13:ep0_do_stall	24	static
usb3_pcd.c:264:6:usb3_pcd_ep_enable	0	static
usb3_pcd.c:861:6:usb3_os_get_trb	0	static
usb3_pcd.c:880:6:usb3_ep0_start_transfer	40	static
usb3_pcd.c:976:6:usb3_ep_start_transfer	40	static
usb3_pcd.c:1041:6:usb3_bulk_out_transfer	0	static
usb3_pcd.c:1057:6:usb3_bulk_out_continue_transfer	0	static
usb3_pcd.c:1069:6:usb3_bulk_in_transfer	16	static
usb3_pcd.c:771:6:usb3_do_setup	24	static
usb3_pcd.c:1143:6:usb3_handle_ep0	16	static
usb3_pcd.c:1252:6:usb3_os_handle_ep0	0	static
usb3_pcd.c:1263:6:usb3_request_done	8	static
usb3_pcd.c:1277:5:usb3_ep_complete_request	8	static
