serial.c:262:12:serial_stub_start	0	static
serial.c:269:12:serial_stub_stop	0	static
serial.c:276:13:serial_stub_putc	0	static
serial.c:283:13:serial_stub_puts	0	static
serial.c:290:5:serial_stub_getc	0	static
serial.c:297:5:serial_stub_tstc	0	static
serial.c:391:30:get_current	8	static
serial.c:33:13:serial_null	0	static
serial.c:175:6:serial_register	0	static
serial.c:311:6:serial_stdio_init	96	static
serial.c:348:5:serial_assign	16	static
serial.c:207:6:serial_initialize	8	static
serial.c:368:6:serial_reinit_all	8	static
serial.c:425:5:serial_init	8	static
serial.c:441:6:serial_setbrg	8	static
serial.c:42:12:on_baudrate	16	static
serial.c:457:5:serial_getc	8	static
serial.c:472:5:serial_tstc	8	static
serial.c:488:6:serial_putc	8	static
serial.c:506:6:serial_puts	8	static
serial.c:523:6:default_serial_puts	16	static
