mtdcore.c:95:6:idr_remove	0	static
mtdcore.c:102:7:idr_find	0	static
mtdcore.c:110:7:idr_get_next	0	static
mtdcore.c:128:5:idr_alloc	0	static
mtdcore.c:153:18:__mtd_next_device	16	static
mtdcore.c:509:5:del_mtd_device	8	static
mtdcore.c:729:5:__get_mtd_device	8	static
mtdcore.c:694:18:get_mtd_device	8	static
mtdcore.c:757:18:get_mtd_device_nm	16	static
mtdcore.c:840:6:__put_mtd_device	8	static
mtdcore.c:831:6:put_mtd_device	0	static
mtdcore.c:859:5:mtd_erase	32	static
mtdcore.c:915:15:mtd_get_unmapped_area	28	static
mtdcore.c:926:5:mtd_read	48	static
mtdcore.c:950:5:mtd_write	24	static
mtdcore.c:971:5:mtd_panic_write	28	static
mtdcore.c:987:5:mtd_read_oob	24	static
mtdcore.c:1013:5:mtd_get_fact_prot_info	4	static
mtdcore.c:1024:5:mtd_read_fact_prot_reg	8	static
mtdcore.c:1036:5:mtd_get_user_prot_info	4	static
mtdcore.c:1047:5:mtd_read_user_prot_reg	8	static
mtdcore.c:1059:5:mtd_write_user_prot_reg	24	static
mtdcore.c:1081:5:mtd_lock_user_prot_reg	4	static
mtdcore.c:1092:5:mtd_lock	28	static
mtdcore.c:1104:5:mtd_unlock	28	static
mtdcore.c:397:5:add_mtd_device	24	static
mtdcore.c:1116:5:mtd_is_locked	28	static
mtdcore.c:1128:5:mtd_block_isreserved	16	static
mtdcore.c:1138:5:mtd_block_isbad	16	static
mtdcore.c:1148:5:mtd_block_markbad	20	static
