mtdpart.c:122:22:part_get_unmapped_area	4	static
mtdpart.c:172:12:part_read_user_prot_reg	0	static
mtdpart.c:180:12:part_get_user_prot_info	4	static
mtdpart.c:188:12:part_read_fact_prot_reg	0	static
mtdpart.c:196:12:part_get_fact_prot_info	4	static
mtdpart.c:204:12:part_write	12	static
mtdpart.c:212:12:part_panic_write	12	static
mtdpart.c:220:12:part_write_oob	16	static
mtdpart.c:232:12:part_write_user_prot_reg	0	static
mtdpart.c:240:12:part_lock_user_prot_reg	0	static
mtdpart.c:286:12:part_lock	12	static
mtdpart.c:292:12:part_unlock	12	static
mtdpart.c:298:12:part_is_locked	12	static
mtdpart.c:304:13:part_sync	0	static
mtdpart.c:324:12:part_block_isreserved	8	static
mtdpart.c:331:12:part_block_isbad	8	static
mtdpart.c:338:12:part_block_markbad	16	static
mtdpart.c:85:12:part_read	40	static
mtdpart.c:134:12:part_read_oob	64	static
mtdpart.c:257:12:part_erase	24	static
mtdpart.c:64:7:kstrdup	24	static
mtdpart.c:272:6:mtd_erase_callback	8	static
mtdpart.c:361:5:del_mtd_partitions	32	static
mtdpart.c:676:5:add_mtd_partitions	112	static
mtdpart.c:810:5:mtd_is_partition	0	static
mtdpart.c:828:10:mtd_get_device_size	8	static
