hifmc100_spi_general.c:322:12:spi_do_not_qe_enable	0	static
hifmc_spi_nor_ids.c:1453:13:hifmc_spi_nor_search_rw.constprop	12	static
hifmc100_spi_general.c:24:8:spi_general_get_flash_register	16	static
hifmc100_spi_general.c:159:12:spi_general_entry_4addr	40	static
hifmc100_spi_general.c:98:12:spi_general_write_enable	24	static
hifmc100_spi_general.c:74:12:spi_general_wait_ready	16	static
hifmc100_spi_w25q256fv.c:31:12:spi_w25q256fv_entry_4addr	16	static
hifmc100_spi_micron.c:36:12:spi_micron_entry_4addr	40	static
hifmc100_spi_s25fl256s.c:39:12:spi_s25fl256s_entry_4addr	40	static
hifmc100_spi_general.c:331:13:spi_nor_reset_pin_enable.constprop	16	static
hifmc100_spi_general.c:222:5:spi_is_quad	0	static
hifmc100_spi_gd25qxxx.c:28:12:spi_gd25qxxx_qe_enable	40	static
hifmc100_spi_mx25l25635e.c:32:12:spi_mx25l25635e_qe_enable	40	static
hifmc100_spi_w25q256fv.c:130:12:spi_w25q256fv_qe_enable	40	static
hifmc100_spi_general.c:247:12:spi_general_qe_enable	40	static
hifmc_spi_nor_ids.c:1525:6:hifmc_spi_nor_get_erase	8	static
hifmc_spi_nor_ids.c:1544:5:hifmc_spi_nor_probe	256	static
