ddr_training_impl.c:892:21:ddr_adjust_get_average	0	static
ddr_training_impl.c:25:7:ddrtr_memcpy	0	static
ddr_training_impl.c:35:7:ddrtr_memset	0	static
ddr_training_impl.c:44:5:ddr_training_by_dmc	0	static
ddr_training_impl.c:56:5:ddr_training_by_rank	24	static
ddr_training_impl.c:72:5:ddr_training_by_phy	32	static
ddr_training_impl.c:88:5:ddr_training_all	24	static
ddr_training_impl.c:145:6:ddr_training_cfg_set_rank	0	static
ddr_training_impl.c:187:6:ddr_training_cfg_set_phy	0	static
ddr_training_impl.c:216:6:ddr_training_set_timing	0	static
ddr_training_impl.c:2122:13:ddr_vref_set	16	static
ddr_training_impl.c:256:6:ddr_training_stat	24	static
ddr_training_impl.c:1548:12:ddr_hw_training_process	40	static
ddr_training_impl.c:265:5:ddr_training_check_bypass	0	static
ddr_training_impl.c:283:5:ddr_training_phy_disable	0	static
ddr_training_impl.c:379:6:ddr_training_switch_axi	0	static
ddr_training_impl.c:493:6:ddr_phy_cfg_update	0	static
ddr_training_impl.c:289:6:ddr_training_save_reg	24	static
ddr_training_impl.c:351:6:ddr_training_restore_reg	16	static
ddr_training_impl.c:515:6:ddr_phy_set_dq_bdl	8	static
ddr_training_impl.c:547:14:ddr_phy_get_dq_bdl	4	static
ddr_training_impl.c:607:13:ddr_rdqs_sync_rank_rdq	16	static
ddr_training_impl.c:1024:13:ddr_adjust_set_val	24	static
ddr_training_impl.c:575:14:ddr_phy_get_byte_num	0	static
ddr_training_impl.c:101:6:ddr_training_cfg_set_dmc	8	static
ddr_training_impl.c:200:6:ddr_training_cfg_init	8	static
ddr_training_impl.c:738:6:ddr_ddrt_init	24	static
ddr_training_impl.c:801:5:ddr_ddrt_test	8	static
ddr_training_impl.c:1163:5:ddr_dataeye_check_dq	16	static
ddr_training_impl.c:1216:13:ddr_dataeye_search_dq	40	static
ddr_training_impl.c:1327:5:ddr_dataeye_deskew	72	static
ddr_training_impl.c:2167:21:ddr_vref_get_win	16	static
ddr_training_impl.c:2195:21:ddr_vref_find_best	40	static
ddr_training_impl.c:2244:13:ddr_vref_cal	24	static
ddr_training_impl.c:1065:13:ddr_adjust_move_win.constprop	40	static
ddr_training_impl.c:1137:6:ddr_adjust_dataeye	24	static
ddr_training_impl.c:1380:12:ddr_dataeye_process	32	static
ddr_training_impl.c:1407:5:ddr_dataeye_training	280	static
ddr_training_impl.c:1432:5:ddr_dataeye_training_func	72	static
ddr_training_impl.c:1589:5:ddr_hw_dataeye_read	16	static
ddr_training_impl.c:1615:5:ddr_hw_training_ctl	144	dynamic,bounded
ddr_training_impl.c:1763:5:ddr_hw_training	160	static
ddr_training_impl.c:2284:5:ddr_vref_training	376	static
ddr_training_impl.c:2348:5:ddr_vref_training_func	72	static
ddr_training_impl.c:2806:5:ddr_wl_func	0	static
ddr_training_impl.c:2985:5:ddr_gating_func	0	static
ddr_training_impl.c:3287:5:ddr_ac_training_func	0	static
ddr_training_impl.c:3765:5:ddr_lpca_training_func	0	static
ddr_training_impl.c:4258:5:ddr_dcc_training_func	0	static
ddr_training_impl.c:4341:5:ddr_pcode_training	96	static
