eth_legacy.c:23:12:__def_eth_init	0	static
eth_legacy.c:42:6:eth_set_current_to_next	0	static
eth_legacy.c:47:6:eth_set_dev	0	static
eth_legacy.c:52:20:eth_get_dev_by_name	16	static
eth_legacy.c:74:20:eth_get_dev_by_index	0	static
eth_legacy.c:94:5:eth_get_dev_index	0	static
eth_legacy.c:134:5:eth_write_hwaddr	48	static
eth_legacy.c:102:12:on_ethaddr	32	static
eth_legacy.c:185:5:eth_register	16	static
eth_legacy.c:209:5:eth_unregister	8	static
eth_legacy.c:238:5:eth_initialize	32	static
eth_legacy.c:341:5:eth_init	16	static
eth_legacy.c:367:6:eth_halt	8	static
eth_legacy.c:377:5:eth_is_active	0	static
eth_legacy.c:382:5:eth_send	4	static
eth_legacy.c:390:5:eth_rx	0	static
