device.c:547:24:_device_find_global_by_of_offset	16	static
device.c:30:12:device_bind_common.isra.0	40	static
device.c:252:14:alloc_priv	16	static
device.c:216:5:device_bind_with_driver_data	24	static
device.c:225:5:device_bind	24	static
device.c:233:5:device_bind_by_name	40	static
device.c:267:5:device_probe	16	static
device.c:394:7:dev_get_platdata	8	static
device.c:404:7:dev_get_parent_platdata	8	static
device.c:414:7:dev_get_uclass_platdata	8	static
device.c:424:7:dev_get_priv	8	static
device.c:434:7:dev_get_uclass_priv	8	static
device.c:444:7:dev_get_parent_priv	8	static
device.c:469:5:device_get_child	16	static
device.c:481:5:device_find_child_by_seq	12	static
device.c:501:5:device_get_child_by_seq	24	static
device.c:519:5:device_find_child_by_of_offset	4	static
device.c:536:5:device_get_child_by_of_offset	24	static
device.c:564:5:device_get_global_by_of_offset	16	static
device.c:572:5:device_find_first_child	0	static
device.c:584:5:device_find_next_child	0	static
device.c:599:17:dev_get_parent	0	static
device.c:604:7:dev_get_driver_data	0	static
device.c:609:13:dev_get_driver_ops	0	static
device.c:617:16:device_get_uclass_id	0	static
device.c:622:13:dev_get_uclass_name	0	static
device.c:630:12:dev_get_addr_index	0	static
device.c:696:12:dev_get_addr_name	0	static
device.c:712:12:dev_get_addr	0	static
device.c:717:7:dev_get_addr_ptr	0	static
device.c:722:7:dev_map_physmem	0	static
device.c:732:6:device_has_children	0	static
device.c:737:6:device_has_active_children	16	static
device.c:751:6:device_is_last_sibling	0	static
device.c:760:6:device_set_name_alloced	0	static
device.c:765:5:device_set_name	8	static
device.c:776:6:of_device_is_compatible	8	static
device.c:783:6:of_machine_is_compatible	8	static
