uclass.c:22:16:uclass_find	0	static
uclass.c:104:5:uclass_destroy	16	static
uclass.c:138:5:uclass_get	24	static
uclass.c:151:13:uclass_get_name	16	static
uclass.c:160:5:uclass_find_device	24	static
uclass.c:183:5:uclass_find_first_device	16	static
uclass.c:200:5:uclass_find_next_device	0	static
uclass.c:213:5:uclass_find_device_by_name	32	static
uclass.c:237:5:uclass_find_device_by_seq	32	static
uclass.c:266:5:uclass_find_device_by_of_offset	24	static
uclass.c:323:5:uclass_get_device_by_driver	24	static
uclass.c:343:5:uclass_get_device_tail	16	static
uclass.c:359:5:uclass_get_device	16	static
uclass.c:369:5:uclass_get_device_by_name	16	static
uclass.c:380:5:uclass_get_device_by_seq	24	static
uclass.c:397:5:uclass_get_device_by_of_offset	16	static
uclass.c:421:5:uclass_first_device	16	static
uclass.c:433:5:uclass_first_device_err	8	static
uclass.c:446:5:uclass_next_device	16	static
uclass.c:458:5:uclass_bind_device	8	static
uclass.c:485:5:uclass_unbind_device	8	static
uclass.c:502:5:uclass_resolve_seq	24	static
uclass.c:533:5:uclass_pre_probe_device	8	static
uclass.c:554:5:uclass_post_probe_device	0	static
uclass.c:565:5:uclass_pre_remove_device	0	static
